Archive member included to satisfy reference by file (symbol)

/usr/lib/gcc/arm-none-eabi/9.2.1/../../../arm-none-eabi/lib/thumb/v7e-m+fp/hard/libc_nano.a(lib_a-atexit.o)
                              /usr/lib/gcc/arm-none-eabi/9.2.1/../../../arm-none-eabi/lib/thumb/v7e-m+fp/hard/crt0.o (atexit)
/usr/lib/gcc/arm-none-eabi/9.2.1/../../../arm-none-eabi/lib/thumb/v7e-m+fp/hard/libc_nano.a(lib_a-exit.o)
                              /usr/lib/gcc/arm-none-eabi/9.2.1/../../../arm-none-eabi/lib/thumb/v7e-m+fp/hard/crt0.o (exit)
/usr/lib/gcc/arm-none-eabi/9.2.1/../../../arm-none-eabi/lib/thumb/v7e-m+fp/hard/libc_nano.a(lib_a-fini.o)
                              /usr/lib/gcc/arm-none-eabi/9.2.1/../../../arm-none-eabi/lib/thumb/v7e-m+fp/hard/crt0.o (__libc_fini_array)
/usr/lib/gcc/arm-none-eabi/9.2.1/../../../arm-none-eabi/lib/thumb/v7e-m+fp/hard/libc_nano.a(lib_a-impure.o)
                              /usr/lib/gcc/arm-none-eabi/9.2.1/../../../arm-none-eabi/lib/thumb/v7e-m+fp/hard/libc_nano.a(lib_a-exit.o) (_global_impure_ptr)
/usr/lib/gcc/arm-none-eabi/9.2.1/../../../arm-none-eabi/lib/thumb/v7e-m+fp/hard/libc_nano.a(lib_a-init.o)
                              /usr/lib/gcc/arm-none-eabi/9.2.1/../../../arm-none-eabi/lib/thumb/v7e-m+fp/hard/crt0.o (__libc_init_array)
/usr/lib/gcc/arm-none-eabi/9.2.1/../../../arm-none-eabi/lib/thumb/v7e-m+fp/hard/libc_nano.a(lib_a-memcpy.o)
                              build/main.o (memcpy)
/usr/lib/gcc/arm-none-eabi/9.2.1/../../../arm-none-eabi/lib/thumb/v7e-m+fp/hard/libc_nano.a(lib_a-memset.o)
                              /usr/lib/gcc/arm-none-eabi/9.2.1/../../../arm-none-eabi/lib/thumb/v7e-m+fp/hard/crt0.o (memset)
/usr/lib/gcc/arm-none-eabi/9.2.1/../../../arm-none-eabi/lib/thumb/v7e-m+fp/hard/libc_nano.a(lib_a-__atexit.o)
                              /usr/lib/gcc/arm-none-eabi/9.2.1/../../../arm-none-eabi/lib/thumb/v7e-m+fp/hard/libc_nano.a(lib_a-atexit.o) (__register_exitproc)
/usr/lib/gcc/arm-none-eabi/9.2.1/../../../arm-none-eabi/lib/thumb/v7e-m+fp/hard/libc_nano.a(lib_a-__call_atexit.o)
                              /usr/lib/gcc/arm-none-eabi/9.2.1/../../../arm-none-eabi/lib/thumb/v7e-m+fp/hard/libc_nano.a(lib_a-__atexit.o) (__call_exitprocs)
/usr/lib/gcc/arm-none-eabi/9.2.1/../../../arm-none-eabi/lib/thumb/v7e-m+fp/hard/libnosys.a(_exit.o)
                              /usr/lib/gcc/arm-none-eabi/9.2.1/../../../arm-none-eabi/lib/thumb/v7e-m+fp/hard/libc_nano.a(lib_a-exit.o) (_exit)
/usr/lib/gcc/arm-none-eabi/9.2.1/thumb/v7e-m+fp/hard/libgcc.a(_arm_addsubdf3.o)
                              build/main.o (__aeabi_dadd)
/usr/lib/gcc/arm-none-eabi/9.2.1/thumb/v7e-m+fp/hard/libgcc.a(_arm_cmpdf2.o)
                              build/main.o (__aeabi_dcmpgt)
/usr/lib/gcc/arm-none-eabi/9.2.1/thumb/v7e-m+fp/hard/libgcc.a(_arm_truncdfsf2.o)
                              build/main.o (__aeabi_d2f)
/usr/lib/gcc/arm-none-eabi/9.2.1/thumb/v7e-m+fp/hard/libgcc.a(_aeabi_uldivmod.o)
                              build/stm32g4xx_hal_uart.o (__aeabi_uldivmod)
/usr/lib/gcc/arm-none-eabi/9.2.1/thumb/v7e-m+fp/hard/libgcc.a(_udivmoddi4.o)
                              /usr/lib/gcc/arm-none-eabi/9.2.1/thumb/v7e-m+fp/hard/libgcc.a(_aeabi_uldivmod.o) (__udivmoddi4)
/usr/lib/gcc/arm-none-eabi/9.2.1/thumb/v7e-m+fp/hard/libgcc.a(_dvmd_tls.o)
                              /usr/lib/gcc/arm-none-eabi/9.2.1/thumb/v7e-m+fp/hard/libgcc.a(_aeabi_uldivmod.o) (__aeabi_ldiv0)

Allocating common symbols
Common symbol       size              file

hdac2               0x14              build/dac.o
uwTick              0x4               build/stm32g4xx_hal.o
hlpuart1            0x8c              build/usart.o
htim2               0x4c              build/tim.o
hdma_dac2_ch1       0x60              build/dac.o

Discarded input sections

 .text          0x0000000000000000        0x0 /usr/lib/gcc/arm-none-eabi/9.2.1/thumb/v7e-m+fp/hard/crti.o
 .data          0x0000000000000000        0x0 /usr/lib/gcc/arm-none-eabi/9.2.1/thumb/v7e-m+fp/hard/crti.o
 .bss           0x0000000000000000        0x0 /usr/lib/gcc/arm-none-eabi/9.2.1/thumb/v7e-m+fp/hard/crti.o
 .data          0x0000000000000000        0x4 /usr/lib/gcc/arm-none-eabi/9.2.1/thumb/v7e-m+fp/hard/crtbegin.o
 .text          0x0000000000000000       0x70 /usr/lib/gcc/arm-none-eabi/9.2.1/../../../arm-none-eabi/lib/thumb/v7e-m+fp/hard/crt0.o
 .data          0x0000000000000000        0x0 /usr/lib/gcc/arm-none-eabi/9.2.1/../../../arm-none-eabi/lib/thumb/v7e-m+fp/hard/crt0.o
 .bss           0x0000000000000000        0x0 /usr/lib/gcc/arm-none-eabi/9.2.1/../../../arm-none-eabi/lib/thumb/v7e-m+fp/hard/crt0.o
 .ARM.extab     0x0000000000000000        0x0 /usr/lib/gcc/arm-none-eabi/9.2.1/../../../arm-none-eabi/lib/thumb/v7e-m+fp/hard/crt0.o
 .ARM.exidx     0x0000000000000000       0x10 /usr/lib/gcc/arm-none-eabi/9.2.1/../../../arm-none-eabi/lib/thumb/v7e-m+fp/hard/crt0.o
[...]
Memory Configuration

Name             Origin             Length             Attributes
RAM              0x0000000020000000 0x0000000000020000 xrw
FLASH            0x0000000008000000 0x0000000000080000 xr
*default*        0x0000000000000000 0xffffffffffffffff

Linker script and memory map

LOAD /usr/lib/gcc/arm-none-eabi/9.2.1/thumb/v7e-m+fp/hard/crti.o
LOAD /usr/lib/gcc/arm-none-eabi/9.2.1/thumb/v7e-m+fp/hard/crtbegin.o
LOAD /usr/lib/gcc/arm-none-eabi/9.2.1/../../../arm-none-eabi/lib/thumb/v7e-m+fp/hard/crt0.o
LOAD build/main.o
LOAD build/gpio.o
LOAD build/dac.o
LOAD build/usart.o
LOAD build/stm32g4xx_it.o
LOAD build/stm32g4xx_hal_msp.o
LOAD build/stm32g4xx_hal_gpio.o
LOAD build/stm32g4xx_hal_dac.o
LOAD build/stm32g4xx_hal_dac_ex.o
LOAD build/stm32g4xx_hal.o
LOAD build/stm32g4xx_hal_rcc.o
LOAD build/stm32g4xx_hal_rcc_ex.o
LOAD build/stm32g4xx_hal_flash.o
LOAD build/stm32g4xx_hal_flash_ex.o
LOAD build/stm32g4xx_hal_flash_ramfunc.o
LOAD build/stm32g4xx_hal_exti.o
LOAD build/stm32g4xx_hal_dma.o
LOAD build/stm32g4xx_hal_dma_ex.o
LOAD build/stm32g4xx_hal_pwr.o
LOAD build/stm32g4xx_hal_pwr_ex.o
LOAD build/stm32g4xx_hal_cortex.o
LOAD build/stm32g4xx_hal_uart.o
LOAD build/stm32g4xx_hal_uart_ex.o
LOAD build/stm32g4xx_hal_tim.o
LOAD build/stm32g4xx_hal_tim_ex.o
LOAD build/system_stm32g4xx.o
LOAD build/tim.o
LOAD build/dma.o
LOAD build/startup_stm32g474xx.o
LOAD /usr/lib/gcc/arm-none-eabi/9.2.1/../../../arm-none-eabi/lib/thumb/v7e-m+fp/hard/libc_nano.a
LOAD /usr/lib/gcc/arm-none-eabi/9.2.1/../../../arm-none-eabi/lib/thumb/v7e-m+fp/hard/libm.a
LOAD /usr/lib/gcc/arm-none-eabi/9.2.1/../../../arm-none-eabi/lib/thumb/v7e-m+fp/hard/libnosys.a
START GROUP
LOAD /usr/lib/gcc/arm-none-eabi/9.2.1/thumb/v7e-m+fp/hard/libgcc.a
LOAD /usr/lib/gcc/arm-none-eabi/9.2.1/../../../arm-none-eabi/lib/thumb/v7e-m+fp/hard/libc_nano.a
END GROUP
START GROUP
LOAD /usr/lib/gcc/arm-none-eabi/9.2.1/thumb/v7e-m+fp/hard/libgcc.a
LOAD /usr/lib/gcc/arm-none-eabi/9.2.1/../../../arm-none-eabi/lib/thumb/v7e-m+fp/hard/libc_nano.a
END GROUP
LOAD /usr/lib/gcc/arm-none-eabi/9.2.1/thumb/v7e-m+fp/hard/crtend.o
LOAD /usr/lib/gcc/arm-none-eabi/9.2.1/thumb/v7e-m+fp/hard/crtn.o
                0x0000000020020000                _estack = 0x20020000
                0x0000000000000200                _Min_Heap_Size = 0x200
                0x0000000000000400                _Min_Stack_Size = 0x400

.isr_vector     0x0000000008000000      0x1d8
                0x0000000008000000                . = ALIGN (0x4)
 *(.isr_vector)
 .isr_vector    0x0000000008000000      0x1d8 build/startup_stm32g474xx.o
                0x0000000008000000                g_pfnVectors
                0x00000000080001d8                . = ALIGN (0x4)

.text           0x00000000080001d8     0x3328
                0x00000000080001d8                . = ALIGN (0x4)
 *(.text)
 .text          0x00000000080001d8       0x88 /usr/lib/gcc/arm-none-eabi/9.2.1/thumb/v7e-m+fp/hard/crtbegin.o
 .text          0x0000000008000260       0x48 /usr/lib/gcc/arm-none-eabi/9.2.1/../../../arm-none-eabi/lib/thumb/v7e-m+fp/hard/libc_nano.a(lib_a-init.o)
                0x0000000008000260                __libc_init_array
 .text          0x00000000080002a8      0x134 /usr/lib/gcc/arm-none-eabi/9.2.1/../../../arm-none-eabi/lib/thumb/v7e-m+fp/hard/libc_nano.a(lib_a-memcpy.o)
                0x00000000080002a8                memcpy
 .text          0x00000000080003dc       0xa0 /usr/lib/gcc/arm-none-eabi/9.2.1/../../../arm-none-eabi/lib/thumb/v7e-m+fp/hard/libc_nano.a(lib_a-memset.o)
                0x00000000080003dc                memset
 .text          0x000000000800047c      0x378 /usr/lib/gcc/arm-none-eabi/9.2.1/thumb/v7e-m+fp/hard/libgcc.a(_arm_addsubdf3.o)
                0x000000000800047c                __aeabi_drsub
                0x0000000008000484                __aeabi_dsub
                0x0000000008000484                __subdf3
                0x0000000008000488                __adddf3
                0x0000000008000488                __aeabi_dadd
                0x0000000008000700                __aeabi_ui2d
                0x0000000008000700                __floatunsidf
                0x0000000008000720                __floatsidf
                0x0000000008000720                __aeabi_i2d
                0x0000000008000744                __extendsfdf2
                0x0000000008000744                __aeabi_f2d
                0x0000000008000788                __aeabi_ul2d
                0x0000000008000788                __floatundidf
                0x0000000008000798                __floatdidf
                0x0000000008000798                __aeabi_l2d
 .text          0x00000000080007f4      0x110 /usr/lib/gcc/arm-none-eabi/9.2.1/thumb/v7e-m+fp/hard/libgcc.a(_arm_cmpdf2.o)
                0x00000000080007f4                __gtdf2
                0x00000000080007f4                __gedf2
                0x00000000080007fc                __ltdf2
                0x00000000080007fc                __ledf2
                0x0000000008000804                __cmpdf2
                0x0000000008000804                __eqdf2
                0x0000000008000804                __nedf2
                0x0000000008000880                __aeabi_cdrcmple
                0x0000000008000890                __aeabi_cdcmple
                0x0000000008000890                __aeabi_cdcmpeq
                0x00000000080008a0                __aeabi_dcmpeq
                0x00000000080008b4                __aeabi_dcmplt
                0x00000000080008c8                __aeabi_dcmple
                0x00000000080008dc                __aeabi_dcmpge
                0x00000000080008f0                __aeabi_dcmpgt
 .text          0x0000000008000904       0xa0 /usr/lib/gcc/arm-none-eabi/9.2.1/thumb/v7e-m+fp/hard/libgcc.a(_arm_truncdfsf2.o)
                0x0000000008000904                __aeabi_d2f
                0x0000000008000904                __truncdfsf2
 .text          0x00000000080009a4       0x30 /usr/lib/gcc/arm-none-eabi/9.2.1/thumb/v7e-m+fp/hard/libgcc.a(_aeabi_uldivmod.o)
                0x00000000080009a4                __aeabi_uldivmod
 .text          0x00000000080009d4      0x2c4 /usr/lib/gcc/arm-none-eabi/9.2.1/thumb/v7e-m+fp/hard/libgcc.a(_udivmoddi4.o)
                0x00000000080009d4                __udivmoddi4
 .text          0x0000000008000c98        0x4 /usr/lib/gcc/arm-none-eabi/9.2.1/thumb/v7e-m+fp/hard/libgcc.a(_dvmd_tls.o)
                0x0000000008000c98                __aeabi_ldiv0
                0x0000000008000c98                __aeabi_idiv0
 *(.text*)
 .text.SystemClock_Config
                0x0000000008000c9c       0x74 build/main.o
                0x0000000008000c9c                SystemClock_Config
 .text.main     0x0000000008000d10       0xc4 build/main.o
                0x0000000008000d10                main
 .text.Error_Handler
                0x0000000008000dd4        0x2 build/main.o
                0x0000000008000dd4                Error_Handler
 *fill*         0x0000000008000dd6        0x2 
 .text.MX_GPIO_Init
                0x0000000008000dd8      0x140 build/gpio.o
                0x0000000008000dd8                MX_GPIO_Init
 .text.MX_DAC2_Init
                0x0000000008000f18       0x5c build/dac.o
                0x0000000008000f18                MX_DAC2_Init
 .text.HAL_DAC_MspInit
                0x0000000008000f74       0xbc build/dac.o
                0x0000000008000f74                HAL_DAC_MspInit
 .text.MX_LPUART1_UART_Init
                0x0000000008001030       0x64 build/usart.o
                0x0000000008001030                MX_LPUART1_UART_Init
 .text.HAL_UART_MspInit
                0x0000000008001094       0x68 build/usart.o
                0x0000000008001094                HAL_UART_MspInit
 .text.NMI_Handler
                0x00000000080010fc        0x2 build/stm32g4xx_it.o
                0x00000000080010fc                NMI_Handler
 .text.HardFault_Handler
                0x00000000080010fe        0x2 build/stm32g4xx_it.o
                0x00000000080010fe                HardFault_Handler
 .text.MemManage_Handler
                0x0000000008001100        0x2 build/stm32g4xx_it.o
                0x0000000008001100                MemManage_Handler
 .text.BusFault_Handler
                0x0000000008001102        0x2 build/stm32g4xx_it.o
                0x0000000008001102                BusFault_Handler
 .text.UsageFault_Handler
                0x0000000008001104        0x2 build/stm32g4xx_it.o
                0x0000000008001104                UsageFault_Handler
 .text.SVC_Handler
                0x0000000008001106        0x2 build/stm32g4xx_it.o
                0x0000000008001106                SVC_Handler
 .text.DebugMon_Handler
                0x0000000008001108        0x2 build/stm32g4xx_it.o
                0x0000000008001108                DebugMon_Handler
 .text.PendSV_Handler
                0x000000000800110a        0x2 build/stm32g4xx_it.o
                0x000000000800110a                PendSV_Handler
 .text.SysTick_Handler
                0x000000000800110c        0x8 build/stm32g4xx_it.o
                0x000000000800110c                SysTick_Handler
 .text.DMA1_Channel1_IRQHandler
                0x0000000008001114       0x10 build/stm32g4xx_it.o
                0x0000000008001114                DMA1_Channel1_IRQHandler
 .text.EXTI15_10_IRQHandler
                0x0000000008001124        0xc build/stm32g4xx_it.o
                0x0000000008001124                EXTI15_10_IRQHandler
 .text.TIM7_DAC_IRQHandler
                0x0000000008001130       0x10 build/stm32g4xx_it.o
                0x0000000008001130                TIM7_DAC_IRQHandler
 .text.HAL_MspInit
                0x0000000008001140       0x38 build/stm32g4xx_hal_msp.o
                0x0000000008001140                HAL_MspInit
 .text.HAL_GPIO_Init
                0x0000000008001178      0x1a4 build/stm32g4xx_hal_gpio.o
                0x0000000008001178                HAL_GPIO_Init
 .text.HAL_GPIO_WritePin
                0x000000000800131c        0xa build/stm32g4xx_hal_gpio.o
                0x000000000800131c                HAL_GPIO_WritePin
 .text.HAL_GPIO_EXTI_Callback
                0x0000000008001326        0x2 build/stm32g4xx_hal_gpio.o
                0x0000000008001326                HAL_GPIO_EXTI_Callback
 .text.HAL_GPIO_EXTI_IRQHandler
                0x0000000008001328       0x1c build/stm32g4xx_hal_gpio.o
                0x0000000008001328                HAL_GPIO_EXTI_IRQHandler
 .text.HAL_DAC_Init
                0x0000000008001344       0x24 build/stm32g4xx_hal_dac.o
                0x0000000008001344                HAL_DAC_Init
 .text.HAL_DAC_Start_DMA
                0x0000000008001368      0x104 build/stm32g4xx_hal_dac.o
                0x0000000008001368                HAL_DAC_Start_DMA
 .text.HAL_DAC_ConvCpltCallbackCh1
                0x000000000800146c        0x2 build/stm32g4xx_hal_dac.o
                0x000000000800146c                HAL_DAC_ConvCpltCallbackCh1
 .text.DAC_DMAConvCpltCh1
                0x000000000800146e       0x10 build/stm32g4xx_hal_dac.o
                0x000000000800146e                DAC_DMAConvCpltCh1
 .text.HAL_DAC_ConvHalfCpltCallbackCh1
                0x000000000800147e        0x2 build/stm32g4xx_hal_dac.o
                0x000000000800147e                HAL_DAC_ConvHalfCpltCallbackCh1
 .text.DAC_DMAHalfConvCpltCh1
                0x0000000008001480        0xa build/stm32g4xx_hal_dac.o
                0x0000000008001480                DAC_DMAHalfConvCpltCh1
 .text.HAL_DAC_ErrorCallbackCh1
                0x000000000800148a        0x2 build/stm32g4xx_hal_dac.o
                0x000000000800148a                HAL_DAC_ErrorCallbackCh1
 .text.DAC_DMAErrorCh1
                0x000000000800148c       0x18 build/stm32g4xx_hal_dac.o
                0x000000000800148c                DAC_DMAErrorCh1
 .text.HAL_DAC_DMAUnderrunCallbackCh1
                0x00000000080014a4        0x2 build/stm32g4xx_hal_dac.o
                0x00000000080014a4                HAL_DAC_DMAUnderrunCallbackCh1
 .text.HAL_DAC_IRQHandler
                0x00000000080014a6       0x70 build/stm32g4xx_hal_dac.o
                0x00000000080014a6                HAL_DAC_IRQHandler
 *fill*         0x0000000008001516        0x2 
 .text.HAL_DAC_ConfigChannel
                0x0000000008001518      0x1f8 build/stm32g4xx_hal_dac.o
                0x0000000008001518                HAL_DAC_ConfigChannel
 .text.HAL_DACEx_ConvCpltCallbackCh2
                0x0000000008001710        0x2 build/stm32g4xx_hal_dac_ex.o
                0x0000000008001710                HAL_DACEx_ConvCpltCallbackCh2
 .text.DAC_DMAConvCpltCh2
                0x0000000008001712       0x10 build/stm32g4xx_hal_dac_ex.o
                0x0000000008001712                DAC_DMAConvCpltCh2
 .text.HAL_DACEx_ConvHalfCpltCallbackCh2
                0x0000000008001722        0x2 build/stm32g4xx_hal_dac_ex.o
                0x0000000008001722                HAL_DACEx_ConvHalfCpltCallbackCh2
 .text.DAC_DMAHalfConvCpltCh2
                0x0000000008001724        0xa build/stm32g4xx_hal_dac_ex.o
                0x0000000008001724                DAC_DMAHalfConvCpltCh2
 .text.HAL_DACEx_ErrorCallbackCh2
                0x000000000800172e        0x2 build/stm32g4xx_hal_dac_ex.o
                0x000000000800172e                HAL_DACEx_ErrorCallbackCh2
 .text.DAC_DMAErrorCh2
                0x0000000008001730       0x18 build/stm32g4xx_hal_dac_ex.o
                0x0000000008001730                DAC_DMAErrorCh2
 .text.HAL_DACEx_DMAUnderrunCallbackCh2
                0x0000000008001748        0x2 build/stm32g4xx_hal_dac_ex.o
                0x0000000008001748                HAL_DACEx_DMAUnderrunCallbackCh2
 *fill*         0x000000000800174a        0x2 
 .text.HAL_InitTick
                0x000000000800174c       0x50 build/stm32g4xx_hal.o
                0x000000000800174c                HAL_InitTick
 .text.HAL_Init
                0x000000000800179c       0x1e build/stm32g4xx_hal.o
                0x000000000800179c                HAL_Init
 *fill*         0x00000000080017ba        0x2 
 .text.HAL_IncTick
                0x00000000080017bc       0x18 build/stm32g4xx_hal.o
                0x00000000080017bc                HAL_IncTick
 .text.HAL_GetTick
                0x00000000080017d4        0xc build/stm32g4xx_hal.o
                0x00000000080017d4                HAL_GetTick
 .text.HAL_Delay
                0x00000000080017e0       0x28 build/stm32g4xx_hal.o
                0x00000000080017e0                HAL_Delay
 .text.RCC_GetSysClockFreqFromPLLSource
                0x0000000008001808       0x58 build/stm32g4xx_hal_rcc.o
 .text.HAL_RCC_OscConfig
                0x0000000008001860      0x4e8 build/stm32g4xx_hal_rcc.o
                0x0000000008001860                HAL_RCC_OscConfig
 .text.HAL_RCC_GetSysClockFreq
                0x0000000008001d48       0x88 build/stm32g4xx_hal_rcc.o
                0x0000000008001d48                HAL_RCC_GetSysClockFreq
 .text.HAL_RCC_ClockConfig
                0x0000000008001dd0      0x1f8 build/stm32g4xx_hal_rcc.o
                0x0000000008001dd0                HAL_RCC_ClockConfig
 .text.HAL_RCC_GetHCLKFreq
                0x0000000008001fc8        0xc build/stm32g4xx_hal_rcc.o
                0x0000000008001fc8                HAL_RCC_GetHCLKFreq
 .text.HAL_RCC_GetPCLK1Freq
                0x0000000008001fd4       0x24 build/stm32g4xx_hal_rcc.o
                0x0000000008001fd4                HAL_RCC_GetPCLK1Freq
 .text.HAL_RCC_GetPCLK2Freq
                0x0000000008001ff8       0x24 build/stm32g4xx_hal_rcc.o
                0x0000000008001ff8                HAL_RCC_GetPCLK2Freq
 .text.HAL_RCCEx_PeriphCLKConfig
                0x000000000800201c      0x378 build/stm32g4xx_hal_rcc_ex.o
                0x000000000800201c                HAL_RCCEx_PeriphCLKConfig
 .text.DMA_SetConfig
                0x0000000008002394       0x40 build/stm32g4xx_hal_dma.o
 .text.DMA_CalcDMAMUXChannelBaseAndMask
                0x00000000080023d4       0x48 build/stm32g4xx_hal_dma.o
 .text.DMA_CalcDMAMUXRequestGenBaseAndMask
                0x000000000800241c       0x28 build/stm32g4xx_hal_dma.o
 .text.HAL_DMA_Init
                0x0000000008002444       0xd8 build/stm32g4xx_hal_dma.o
                0x0000000008002444                HAL_DMA_Init
 .text.HAL_DMA_Start_IT
                0x000000000800251c       0x94 build/stm32g4xx_hal_dma.o
                0x000000000800251c                HAL_DMA_Start_IT
 .text.HAL_DMA_IRQHandler
                0x00000000080025b0       0xc4 build/stm32g4xx_hal_dma.o
                0x00000000080025b0                HAL_DMA_IRQHandler
 .text.HAL_PWREx_ControlVoltageScaling
                0x0000000008002674      0x10c build/stm32g4xx_hal_pwr_ex.o
                0x0000000008002674                HAL_PWREx_ControlVoltageScaling
 .text.HAL_PWREx_DisableUCPDDeadBattery
                0x0000000008002780       0x10 build/stm32g4xx_hal_pwr_ex.o
                0x0000000008002780                HAL_PWREx_DisableUCPDDeadBattery
 .text.HAL_NVIC_SetPriorityGrouping
                0x0000000008002790       0x24 build/stm32g4xx_hal_cortex.o
                0x0000000008002790                HAL_NVIC_SetPriorityGrouping
 .text.HAL_NVIC_SetPriority
                0x00000000080027b4       0x68 build/stm32g4xx_hal_cortex.o
                0x00000000080027b4                HAL_NVIC_SetPriority
 .text.HAL_NVIC_EnableIRQ
                0x000000000800281c       0x1c build/stm32g4xx_hal_cortex.o
                0x000000000800281c                HAL_NVIC_EnableIRQ
 .text.HAL_SYSTICK_Config
                0x0000000008002838       0x2c build/stm32g4xx_hal_cortex.o
                0x0000000008002838                HAL_SYSTICK_Config
 .text.UART_SetConfig
                0x0000000008002864      0x394 build/stm32g4xx_hal_uart.o
                0x0000000008002864                UART_SetConfig
 .text.UART_AdvFeatureConfig
                0x0000000008002bf8       0xca build/stm32g4xx_hal_uart.o
                0x0000000008002bf8                UART_AdvFeatureConfig
 .text.UART_WaitOnFlagUntilTimeout
                0x0000000008002cc2       0xac build/stm32g4xx_hal_uart.o
                0x0000000008002cc2                UART_WaitOnFlagUntilTimeout
 .text.UART_CheckIdleState
                0x0000000008002d6e       0x72 build/stm32g4xx_hal_uart.o
                0x0000000008002d6e                UART_CheckIdleState
 .text.HAL_UART_Init
                0x0000000008002de0       0x66 build/stm32g4xx_hal_uart.o
                0x0000000008002de0                HAL_UART_Init
 *fill*         0x0000000008002e46        0x2 
 .text.UARTEx_SetNbDataToProcess
                0x0000000008002e48       0x70 build/stm32g4xx_hal_uart_ex.o
 .text.HAL_UARTEx_DisableFifoMode
                0x0000000008002eb8       0x3e build/stm32g4xx_hal_uart_ex.o
                0x0000000008002eb8                HAL_UARTEx_DisableFifoMode
 .text.HAL_UARTEx_SetTxFifoThreshold
                0x0000000008002ef6       0x4a build/stm32g4xx_hal_uart_ex.o
                0x0000000008002ef6                HAL_UARTEx_SetTxFifoThreshold
 .text.HAL_UARTEx_SetRxFifoThreshold
                0x0000000008002f40       0x4a build/stm32g4xx_hal_uart_ex.o
                0x0000000008002f40                HAL_UARTEx_SetRxFifoThreshold
 .text.TIM_TI1_ConfigInputStage
                0x0000000008002f8a       0x24 build/stm32g4xx_hal_tim.o
 .text.TIM_TI2_ConfigInputStage
                0x0000000008002fae       0x26 build/stm32g4xx_hal_tim.o
 .text.TIM_ITRx_SetConfig
                0x0000000008002fd4       0x14 build/stm32g4xx_hal_tim.o
 .text.HAL_TIM_Base_Start
                0x0000000008002fe8       0x8c build/stm32g4xx_hal_tim.o
                0x0000000008002fe8                HAL_TIM_Base_Start
 .text.TIM_Base_SetConfig
                0x0000000008003074       0xe0 build/stm32g4xx_hal_tim.o
                0x0000000008003074                TIM_Base_SetConfig
 .text.HAL_TIM_Base_Init
                0x0000000008003154       0x60 build/stm32g4xx_hal_tim.o
                0x0000000008003154                HAL_TIM_Base_Init
 .text.TIM_ETR_SetConfig
                0x00000000080031b4       0x18 build/stm32g4xx_hal_tim.o
                0x00000000080031b4                TIM_ETR_SetConfig
 .text.HAL_TIM_ConfigClockSource
                0x00000000080031cc      0x124 build/stm32g4xx_hal_tim.o
                0x00000000080031cc                HAL_TIM_ConfigClockSource
 .text.HAL_TIMEx_MasterConfigSynchronization
                0x00000000080032f0       0xac build/stm32g4xx_hal_tim_ex.o
                0x00000000080032f0                HAL_TIMEx_MasterConfigSynchronization
 .text.SystemInit
                0x000000000800339c       0x1c build/system_stm32g4xx.o
                0x000000000800339c                SystemInit
 .text.MX_TIM2_Init
                0x00000000080033b8       0x70 build/tim.o
                0x00000000080033b8                MX_TIM2_Init
 .text.HAL_TIM_Base_MspInit
                0x0000000008003428       0x26 build/tim.o
                0x0000000008003428                HAL_TIM_Base_MspInit
 *fill*         0x000000000800344e        0x2 
 .text.MX_DMA_Init
                0x0000000008003450       0x44 build/dma.o
                0x0000000008003450                MX_DMA_Init
 .text.Reset_Handler
                0x0000000008003494       0x50 build/startup_stm32g474xx.o
                0x0000000008003494                Reset_Handler
 .text.Default_Handler
                0x00000000080034e4        0x2 build/startup_stm32g474xx.o
                0x00000000080034e4                RTC_Alarm_IRQHandler
                0x00000000080034e4                EXTI2_IRQHandler
                0x00000000080034e4                TIM8_TRG_COM_IRQHandler
                0x00000000080034e4                TIM8_CC_IRQHandler
                0x00000000080034e4                HRTIM1_Master_IRQHandler
                0x00000000080034e4                SPI4_IRQHandler
                0x00000000080034e4                FDCAN3_IT0_IRQHandler
                0x00000000080034e4                TIM1_CC_IRQHandler
                0x00000000080034e4                HRTIM1_FLT_IRQHandler
                0x00000000080034e4                HRTIM1_TIMF_IRQHandler
                0x00000000080034e4                USB_HP_IRQHandler
                0x00000000080034e4                CORDIC_IRQHandler
                0x00000000080034e4                HRTIM1_TIMD_IRQHandler
                0x00000000080034e4                DMA2_Channel8_IRQHandler
                0x00000000080034e4                EXTI3_IRQHandler
                0x00000000080034e4                I2C3_ER_IRQHandler
                0x00000000080034e4                EXTI0_IRQHandler
                0x00000000080034e4                I2C2_EV_IRQHandler
                0x00000000080034e4                FPU_IRQHandler
                0x00000000080034e4                FDCAN1_IT1_IRQHandler
                0x00000000080034e4                TIM1_UP_TIM16_IRQHandler
                0x00000000080034e4                ADC1_2_IRQHandler
                0x00000000080034e4                HRTIM1_TIME_IRQHandler
                0x00000000080034e4                SPI1_IRQHandler
                0x00000000080034e4                TIM6_DAC_IRQHandler
                0x00000000080034e4                HRTIM1_TIMC_IRQHandler
                0x00000000080034e4                TIM8_UP_IRQHandler
                0x00000000080034e4                DMA2_Channel2_IRQHandler
                0x00000000080034e4                DMA1_Channel4_IRQHandler
                0x00000000080034e4                TIM20_TRG_COM_IRQHandler
                0x00000000080034e4                USART3_IRQHandler
                0x00000000080034e4                DMA1_Channel7_IRQHandler
                0x00000000080034e4                UART5_IRQHandler
                0x00000000080034e4                ADC3_IRQHandler
                0x00000000080034e4                TIM4_IRQHandler
                0x00000000080034e4                DMA2_Channel1_IRQHandler
                0x00000000080034e4                QUADSPI_IRQHandler
                0x00000000080034e4                I2C1_EV_IRQHandler
                0x00000000080034e4                DMA1_Channel6_IRQHandler
                0x00000000080034e4                UART4_IRQHandler
                0x00000000080034e4                DMA2_Channel4_IRQHandler
                0x00000000080034e4                TIM3_IRQHandler
                0x00000000080034e4                RCC_IRQHandler
                0x00000000080034e4                TIM20_UP_IRQHandler
                0x00000000080034e4                Default_Handler
                0x00000000080034e4                DMA2_Channel7_IRQHandler
                0x00000000080034e4                RTC_TAMP_LSECSS_IRQHandler
                0x00000000080034e4                FMAC_IRQHandler
                0x00000000080034e4                DMA1_Channel8_IRQHandler
                0x00000000080034e4                HRTIM1_TIMA_IRQHandler
                0x00000000080034e4                FDCAN3_IT1_IRQHandler
                0x00000000080034e4                TIM5_IRQHandler
                0x00000000080034e4                UCPD1_IRQHandler
                0x00000000080034e4                I2C3_EV_IRQHandler
                0x00000000080034e4                EXTI9_5_IRQHandler
                0x00000000080034e4                RTC_WKUP_IRQHandler
                0x00000000080034e4                PVD_PVM_IRQHandler
                0x00000000080034e4                SPI2_IRQHandler
                0x00000000080034e4                ADC5_IRQHandler
                0x00000000080034e4                DMA2_Channel5_IRQHandler
                0x00000000080034e4                CRS_IRQHandler
                0x00000000080034e4                DMA1_Channel5_IRQHandler
                0x00000000080034e4                USB_LP_IRQHandler
                0x00000000080034e4                EXTI4_IRQHandler
                0x00000000080034e4                RNG_IRQHandler
                0x00000000080034e4                HRTIM1_TIMB_IRQHandler
                0x00000000080034e4                TIM1_TRG_COM_TIM17_IRQHandler
                0x00000000080034e4                FDCAN2_IT1_IRQHandler
                0x00000000080034e4                DMA1_Channel3_IRQHandler
                0x00000000080034e4                ADC4_IRQHandler
                0x00000000080034e4                WWDG_IRQHandler
                0x00000000080034e4                I2C4_EV_IRQHandler
                0x00000000080034e4                FDCAN2_IT0_IRQHandler
                0x00000000080034e4                LPUART1_IRQHandler
                0x00000000080034e4                DMA2_Channel6_IRQHandler
                0x00000000080034e4                FDCAN1_IT0_IRQHandler
                0x00000000080034e4                TIM2_IRQHandler
                0x00000000080034e4                COMP7_IRQHandler
                0x00000000080034e4                COMP1_2_3_IRQHandler
                0x00000000080034e4                EXTI1_IRQHandler
                0x00000000080034e4                USART2_IRQHandler
                0x00000000080034e4                COMP4_5_6_IRQHandler
                0x00000000080034e4                TIM20_BRK_IRQHandler
                0x00000000080034e4                I2C2_ER_IRQHandler
                0x00000000080034e4                DMA1_Channel2_IRQHandler
                0x00000000080034e4                TIM8_BRK_IRQHandler
                0x00000000080034e4                FLASH_IRQHandler
                0x00000000080034e4                TIM20_CC_IRQHandler
                0x00000000080034e4                USART1_IRQHandler
                0x00000000080034e4                SPI3_IRQHandler
                0x00000000080034e4                I2C1_ER_IRQHandler
                0x00000000080034e4                FMC_IRQHandler
                0x00000000080034e4                LPTIM1_IRQHandler
                0x00000000080034e4                DMAMUX_OVR_IRQHandler
                0x00000000080034e4                I2C4_ER_IRQHandler
                0x00000000080034e4                USBWakeUp_IRQHandler
                0x00000000080034e4                SAI1_IRQHandler
                0x00000000080034e4                DMA2_Channel3_IRQHandler
                0x00000000080034e4                TIM1_BRK_TIM15_IRQHandler
 *(.glue_7)
 .glue_7        0x00000000080034e6        0x0 linker stubs
 *(.glue_7t)
 .glue_7t       0x00000000080034e6        0x0 linker stubs
 *(.eh_frame)
 *fill*         0x00000000080034e6        0x2 
 .eh_frame      0x00000000080034e8        0x0 /usr/lib/gcc/arm-none-eabi/9.2.1/thumb/v7e-m+fp/hard/crtbegin.o
 *(.init)
 .init          0x00000000080034e8        0x4 /usr/lib/gcc/arm-none-eabi/9.2.1/thumb/v7e-m+fp/hard/crti.o
                0x00000000080034e8                _init
 .init          0x00000000080034ec        0x8 /usr/lib/gcc/arm-none-eabi/9.2.1/thumb/v7e-m+fp/hard/crtn.o
 *(.fini)
 .fini          0x00000000080034f4        0x4 /usr/lib/gcc/arm-none-eabi/9.2.1/thumb/v7e-m+fp/hard/crti.o
                0x00000000080034f4                _fini
 .fini          0x00000000080034f8        0x8 /usr/lib/gcc/arm-none-eabi/9.2.1/thumb/v7e-m+fp/hard/crtn.o
                0x0000000008003500                . = ALIGN (0x4)
                0x0000000008003500                _etext = .

.vfp11_veneer   0x0000000008003500        0x0
 .vfp11_veneer  0x0000000008003500        0x0 linker stubs

.v4_bx          0x0000000008003500        0x0
 .v4_bx         0x0000000008003500        0x0 linker stubs

.iplt           0x0000000008003500        0x0
 .iplt          0x0000000008003500        0x0 /usr/lib/gcc/arm-none-eabi/9.2.1/thumb/v7e-m+fp/hard/crtbegin.o

.rodata         0x0000000008003500      0x244
                0x0000000008003500                . = ALIGN (0x4)
 *(.rodata)
 .rodata        0x0000000008003500      0x200 build/main.o
 .rodata        0x0000000008003700        0x8 build/stm32g4xx_hal_uart_ex.o
 *(.rodata*)
 .rodata.UARTPrescTable
                0x0000000008003708       0x18 build/stm32g4xx_hal_uart.o
                0x0000000008003708                UARTPrescTable
 .rodata.UARTEx_SetNbDataToProcess.str1.4
                0x0000000008003720        0x9 build/stm32g4xx_hal_uart_ex.o
 *fill*         0x0000000008003729        0x3 
 .rodata.AHBPrescTable
                0x000000000800372c       0x10 build/system_stm32g4xx.o
                0x000000000800372c                AHBPrescTable
 .rodata.APBPrescTable
                0x000000000800373c        0x8 build/system_stm32g4xx.o
                0x000000000800373c                APBPrescTable
                0x0000000008003744                . = ALIGN (0x4)

.ARM.extab
 *(.ARM.extab* .gnu.linkonce.armextab.*)

.ARM            0x0000000008003744        0x8
                0x0000000008003744                __exidx_start = .
 *(.ARM.exidx*)
 .ARM.exidx     0x0000000008003744        0x8 /usr/lib/gcc/arm-none-eabi/9.2.1/thumb/v7e-m+fp/hard/libgcc.a(_udivmoddi4.o)
                0x000000000800374c                __exidx_end = .

.rel.dyn        0x000000000800374c        0x0
 .rel.iplt      0x000000000800374c        0x0 /usr/lib/gcc/arm-none-eabi/9.2.1/thumb/v7e-m+fp/hard/crtbegin.o

.preinit_array  0x000000000800374c        0x0
                0x000000000800374c                PROVIDE (__preinit_array_start = .)
 *(.preinit_array*)
                0x000000000800374c                PROVIDE (__preinit_array_end = .)

.init_array     0x000000000800374c        0x4
                0x000000000800374c                PROVIDE (__init_array_start = .)
 *(SORT_BY_NAME(.init_array.*))
 *(.init_array*)
 .init_array    0x000000000800374c        0x4 /usr/lib/gcc/arm-none-eabi/9.2.1/thumb/v7e-m+fp/hard/crtbegin.o
                0x0000000008003750                PROVIDE (__init_array_end = .)

.fini_array     0x0000000008003750        0x4
                0x0000000008003750                PROVIDE (__fini_array_start = .)
 *(SORT_BY_NAME(.fini_array.*))
 *(.fini_array*)
 .fini_array    0x0000000008003750        0x4 /usr/lib/gcc/arm-none-eabi/9.2.1/thumb/v7e-m+fp/hard/crtbegin.o
                0x0000000008003754                PROVIDE (__fini_array_end = .)
                0x0000000008003754                _sidata = LOADADDR (.data)

.data           0x0000000020000000        0xc load address 0x0000000008003754
                0x0000000020000000                . = ALIGN (0x4)
                0x0000000020000000                _sdata = .
 *(.data)
 *(.data*)
 .data.uwTickFreq
                0x0000000020000000        0x4 build/stm32g4xx_hal.o
                0x0000000020000000                uwTickFreq
 .data.uwTickPrio
                0x0000000020000004        0x4 build/stm32g4xx_hal.o
                0x0000000020000004                uwTickPrio
 .data.SystemCoreClock
                0x0000000020000008        0x4 build/system_stm32g4xx.o
                0x0000000020000008                SystemCoreClock
                0x000000002000000c                . = ALIGN (0x4)
                0x000000002000000c                _edata = .

.tm_clone_table
                0x000000002000000c        0x0 load address 0x0000000008003760
 .tm_clone_table
                0x000000002000000c        0x0 /usr/lib/gcc/arm-none-eabi/9.2.1/thumb/v7e-m+fp/hard/crtbegin.o
 .tm_clone_table
                0x000000002000000c        0x0 /usr/lib/gcc/arm-none-eabi/9.2.1/thumb/v7e-m+fp/hard/crtend.o

.igot.plt       0x000000002000000c        0x0 load address 0x0000000008003760
 .igot.plt      0x000000002000000c        0x0 /usr/lib/gcc/arm-none-eabi/9.2.1/thumb/v7e-m+fp/hard/crtbegin.o
                0x000000002000000c                . = ALIGN (0x4)

.bss            0x000000002000000c      0x16c load address 0x0000000008003760
                0x000000002000000c                _sbss = .
                0x000000002000000c                __bss_start__ = _sbss
 *(.bss)
 .bss           0x000000002000000c       0x1c /usr/lib/gcc/arm-none-eabi/9.2.1/thumb/v7e-m+fp/hard/crtbegin.o
 *(.bss*)
 *(COMMON)
 COMMON         0x0000000020000028       0x74 build/dac.o
                0x0000000020000028                hdac2
                0x000000002000003c                hdma_dac2_ch1
 COMMON         0x000000002000009c       0x8c build/usart.o
                0x000000002000009c                hlpuart1
 COMMON         0x0000000020000128        0x4 build/stm32g4xx_hal.o
                0x0000000020000128                uwTick
 COMMON         0x000000002000012c       0x4c build/tim.o
                0x000000002000012c                htim2
                0x0000000020000178                . = ALIGN (0x4)
                0x0000000020000178                _ebss = .
                0x0000000020000178                __bss_end__ = _ebss

._user_heap_stack
                0x0000000020000178      0x600 load address 0x0000000008003760
                0x0000000020000178                . = ALIGN (0x8)
                [!provide]                        PROVIDE (end = .)
                [!provide]                        PROVIDE (_end = .)
                0x0000000020000378                . = (. + _Min_Heap_Size)
 *fill*         0x0000000020000178      0x200 
                0x0000000020000778                . = (. + _Min_Stack_Size)
 *fill*         0x0000000020000378      0x400 
                0x0000000020000778                . = ALIGN (0x8)

/DISCARD/
 libc.a(*)
 libm.a(*)
 libgcc.a(*)

.ARM.attributes
                0x0000000000000000       0x30
 *(.ARM.attributes)
 .ARM.attributes
                0x0000000000000000       0x1e /usr/lib/gcc/arm-none-eabi/9.2.1/thumb/v7e-m+fp/hard/crti.o
 .ARM.attributes
                0x000000000000001e       0x34 /usr/lib/gcc/arm-none-eabi/9.2.1/thumb/v7e-m+fp/hard/crtbegin.o
 .ARM.attributes
                0x0000000000000052       0x34 build/main.o
 .ARM.attributes
                0x0000000000000086       0x34 build/gpio.o
 .ARM.attributes
                0x00000000000000ba       0x34 build/dac.o
 .ARM.attributes
                0x00000000000000ee       0x34 build/usart.o
 .ARM.attributes
                0x0000000000000122       0x34 build/stm32g4xx_it.o
 .ARM.attributes
                0x0000000000000156       0x34 build/stm32g4xx_hal_msp.o
 .ARM.attributes
                0x000000000000018a       0x34 build/stm32g4xx_hal_gpio.o
 .ARM.attributes
                0x00000000000001be       0x34 build/stm32g4xx_hal_dac.o
 .ARM.attributes
                0x00000000000001f2       0x34 build/stm32g4xx_hal_dac_ex.o
 .ARM.attributes
                0x0000000000000226       0x34 build/stm32g4xx_hal.o
 .ARM.attributes
                0x000000000000025a       0x34 build/stm32g4xx_hal_rcc.o
 .ARM.attributes
                0x000000000000028e       0x34 build/stm32g4xx_hal_rcc_ex.o
 .ARM.attributes
                0x00000000000002c2       0x34 build/stm32g4xx_hal_dma.o
 .ARM.attributes
                0x00000000000002f6       0x34 build/stm32g4xx_hal_pwr_ex.o
 .ARM.attributes
                0x000000000000032a       0x34 build/stm32g4xx_hal_cortex.o
 .ARM.attributes
                0x000000000000035e       0x34 build/stm32g4xx_hal_uart.o
 .ARM.attributes
                0x0000000000000392       0x34 build/stm32g4xx_hal_uart_ex.o
 .ARM.attributes
                0x00000000000003c6       0x34 build/stm32g4xx_hal_tim.o
 .ARM.attributes
                0x00000000000003fa       0x34 build/stm32g4xx_hal_tim_ex.o
 .ARM.attributes
                0x000000000000042e       0x34 build/system_stm32g4xx.o
 .ARM.attributes
                0x0000000000000462       0x34 build/tim.o
 .ARM.attributes
                0x0000000000000496       0x34 build/dma.o
 .ARM.attributes
                0x00000000000004ca       0x21 build/startup_stm32g474xx.o
 .ARM.attributes
                0x00000000000004eb       0x34 /usr/lib/gcc/arm-none-eabi/9.2.1/../../../arm-none-eabi/lib/thumb/v7e-m+fp/hard/libc_nano.a(lib_a-init.o)
 .ARM.attributes
                0x000000000000051f       0x1c /usr/lib/gcc/arm-none-eabi/9.2.1/../../../arm-none-eabi/lib/thumb/v7e-m+fp/hard/libc_nano.a(lib_a-memcpy.o)
 .ARM.attributes
                0x000000000000053b       0x34 /usr/lib/gcc/arm-none-eabi/9.2.1/../../../arm-none-eabi/lib/thumb/v7e-m+fp/hard/libc_nano.a(lib_a-memset.o)
 .ARM.attributes
                0x000000000000056f       0x1e /usr/lib/gcc/arm-none-eabi/9.2.1/thumb/v7e-m+fp/hard/libgcc.a(_arm_addsubdf3.o)
 .ARM.attributes
                0x000000000000058d       0x1e /usr/lib/gcc/arm-none-eabi/9.2.1/thumb/v7e-m+fp/hard/libgcc.a(_arm_cmpdf2.o)
 .ARM.attributes
                0x00000000000005ab       0x1e /usr/lib/gcc/arm-none-eabi/9.2.1/thumb/v7e-m+fp/hard/libgcc.a(_arm_truncdfsf2.o)
 .ARM.attributes
                0x00000000000005c9       0x1e /usr/lib/gcc/arm-none-eabi/9.2.1/thumb/v7e-m+fp/hard/libgcc.a(_aeabi_uldivmod.o)
 .ARM.attributes
                0x00000000000005e7       0x34 /usr/lib/gcc/arm-none-eabi/9.2.1/thumb/v7e-m+fp/hard/libgcc.a(_udivmoddi4.o)
 .ARM.attributes
                0x000000000000061b       0x1e /usr/lib/gcc/arm-none-eabi/9.2.1/thumb/v7e-m+fp/hard/libgcc.a(_dvmd_tls.o)
 .ARM.attributes
                0x0000000000000639       0x32 /usr/lib/gcc/arm-none-eabi/9.2.1/thumb/v7e-m+fp/hard/crtend.o
 .ARM.attributes
                0x000000000000066b       0x1e /usr/lib/gcc/arm-none-eabi/9.2.1/thumb/v7e-m+fp/hard/crtn.o
OUTPUT(build/DACProject.elf elf32-littlearm)
LOAD linker stubs
LOAD /usr/lib/gcc/arm-none-eabi/9.2.1/../../../arm-none-eabi/lib/thumb/v7e-m+fp/hard/libc.a
LOAD /usr/lib/gcc/arm-none-eabi/9.2.1/../../../arm-none-eabi/lib/thumb/v7e-m+fp/hard/libm.a
LOAD /usr/lib/gcc/arm-none-eabi/9.2.1/thumb/v7e-m+fp/hard/libgcc.a

.comment        0x0000000000000000       0xa7
 .comment       0x0000000000000000       0x59 /usr/lib/gcc/arm-none-eabi/9.2.1/thumb/v7e-m+fp/hard/crtbegin.o
                                         0x5a (size before relaxing)
 .comment       0x0000000000000059       0x5a build/main.o
 .comment       0x0000000000000059       0x5a build/gpio.o
 .comment       0x0000000000000059       0x5a build/dac.o
 .comment       0x0000000000000059       0x5a build/usart.o
 .comment       0x0000000000000059       0x5a build/stm32g4xx_it.o
 .comment       0x0000000000000059       0x5a build/stm32g4xx_hal_msp.o
 .comment       0x0000000000000059       0x5a build/stm32g4xx_hal_gpio.o
 .comment       0x0000000000000059       0x5a build/stm32g4xx_hal_dac.o
 .comment       0x0000000000000059       0x5a build/stm32g4xx_hal_dac_ex.o
 .comment       0x0000000000000059       0x5a build/stm32g4xx_hal.o
 .comment       0x0000000000000059       0x5a build/stm32g4xx_hal_rcc.o
 .comment       0x0000000000000059       0x5a build/stm32g4xx_hal_rcc_ex.o
 .comment       0x0000000000000059       0x5a build/stm32g4xx_hal_dma.o
 .comment       0x0000000000000059       0x5a build/stm32g4xx_hal_pwr_ex.o
 .comment       0x0000000000000059       0x5a build/stm32g4xx_hal_cortex.o
 .comment       0x0000000000000059       0x5a build/stm32g4xx_hal_uart.o
 .comment       0x0000000000000059       0x5a build/stm32g4xx_hal_uart_ex.o
 .comment       0x0000000000000059       0x5a build/stm32g4xx_hal_tim.o
 .comment       0x0000000000000059       0x5a build/stm32g4xx_hal_tim_ex.o
 .comment       0x0000000000000059       0x5a build/system_stm32g4xx.o
 .comment       0x0000000000000059       0x5a build/tim.o
 .comment       0x0000000000000059       0x5a build/dma.o
 .comment       0x0000000000000059       0x4e /usr/lib/gcc/arm-none-eabi/9.2.1/../../../arm-none-eabi/lib/thumb/v7e-m+fp/hard/libc_nano.a(lib_a-init.o)
                                         0x4f (size before relaxing)
 .comment       0x00000000000000a7       0x4f /usr/lib/gcc/arm-none-eabi/9.2.1/../../../arm-none-eabi/lib/thumb/v7e-m+fp/hard/libc_nano.a(lib_a-memset.o)
 .comment       0x00000000000000a7       0x5a /usr/lib/gcc/arm-none-eabi/9.2.1/thumb/v7e-m+fp/hard/libgcc.a(_udivmoddi4.o)
 .comment       0x00000000000000a7       0x5a /usr/lib/gcc/arm-none-eabi/9.2.1/thumb/v7e-m+fp/hard/crtend.o

.debug_info     0x0000000000000000    0x1cf36
 .debug_info    0x0000000000000000     0x208e build/main.o
 .debug_info    0x000000000000208e      0xb5b build/gpio.o
 .debug_info    0x0000000000002be9     0x12e9 build/dac.o
 .debug_info    0x0000000000003ed2      0xfd6 build/usart.o
 .debug_info    0x0000000000004ea8      0xa2e build/stm32g4xx_it.o
 .debug_info    0x00000000000058d6      0x5b6 build/stm32g4xx_hal_msp.o
 .debug_info    0x0000000000005e8c      0xb2a build/stm32g4xx_hal_gpio.o
 .debug_info    0x00000000000069b6     0x117f build/stm32g4xx_hal_dac.o
 .debug_info    0x0000000000007b35     0x125e build/stm32g4xx_hal_dac_ex.o
 .debug_info    0x0000000000008d93      0xf29 build/stm32g4xx_hal.o
 .debug_info    0x0000000000009cbc     0x11b0 build/stm32g4xx_hal_rcc.o
 .debug_info    0x000000000000ae6c     0x12a4 build/stm32g4xx_hal_rcc_ex.o
 .debug_info    0x000000000000c110      0xcd9 build/stm32g4xx_hal_dma.o
 .debug_info    0x000000000000cde9      0xd0f build/stm32g4xx_hal_pwr_ex.o
 .debug_info    0x000000000000daf8     0x13bc build/stm32g4xx_hal_cortex.o
 .debug_info    0x000000000000eeb4     0x26bf build/stm32g4xx_hal_uart.o
 .debug_info    0x0000000000011573      0xffa build/stm32g4xx_hal_uart_ex.o
 .debug_info    0x000000000001256d     0x4358 build/stm32g4xx_hal_tim.o
 .debug_info    0x00000000000168c5     0x27f7 build/stm32g4xx_hal_tim_ex.o
 .debug_info    0x00000000000190bc      0x7ed build/system_stm32g4xx.o
 .debug_info    0x00000000000198a9      0xf45 build/tim.o
 .debug_info    0x000000000001a7ee      0x88b build/dma.o
 .debug_info    0x000000000001b079       0x22 build/startup_stm32g474xx.o
 .debug_info    0x000000000001b09b      0x11a /usr/lib/gcc/arm-none-eabi/9.2.1/../../../arm-none-eabi/lib/thumb/v7e-m+fp/hard/libc_nano.a(lib_a-init.o)
 .debug_info    0x000000000001b1b5       0x26 /usr/lib/gcc/arm-none-eabi/9.2.1/../../../arm-none-eabi/lib/thumb/v7e-m+fp/hard/libc_nano.a(lib_a-memcpy.o)
 .debug_info    0x000000000001b1db      0xf21 /usr/lib/gcc/arm-none-eabi/9.2.1/../../../arm-none-eabi/lib/thumb/v7e-m+fp/hard/libc_nano.a(lib_a-memset.o)
 .debug_info    0x000000000001c0fc       0x26 /usr/lib/gcc/arm-none-eabi/9.2.1/thumb/v7e-m+fp/hard/libgcc.a(_arm_addsubdf3.o)
 .debug_info    0x000000000001c122       0x26 /usr/lib/gcc/arm-none-eabi/9.2.1/thumb/v7e-m+fp/hard/libgcc.a(_arm_cmpdf2.o)
 .debug_info    0x000000000001c148       0x26 /usr/lib/gcc/arm-none-eabi/9.2.1/thumb/v7e-m+fp/hard/libgcc.a(_arm_truncdfsf2.o)
 .debug_info    0x000000000001c16e       0x26 /usr/lib/gcc/arm-none-eabi/9.2.1/thumb/v7e-m+fp/hard/libgcc.a(_aeabi_uldivmod.o)
 .debug_info    0x000000000001c194      0xd7c /usr/lib/gcc/arm-none-eabi/9.2.1/thumb/v7e-m+fp/hard/libgcc.a(_udivmoddi4.o)
 .debug_info    0x000000000001cf10       0x26 /usr/lib/gcc/arm-none-eabi/9.2.1/thumb/v7e-m+fp/hard/libgcc.a(_dvmd_tls.o)

.debug_abbrev   0x0000000000000000     0x37ba
 .debug_abbrev  0x0000000000000000      0x345 build/main.o
 .debug_abbrev  0x0000000000000345      0x187 build/gpio.o
 .debug_abbrev  0x00000000000004cc      0x21f build/dac.o
 .debug_abbrev  0x00000000000006eb      0x1f1 build/usart.o
 .debug_abbrev  0x00000000000008dc      0x19a build/stm32g4xx_it.o
 .debug_abbrev  0x0000000000000a76      0x154 build/stm32g4xx_hal_msp.o
 .debug_abbrev  0x0000000000000bca      0x24f build/stm32g4xx_hal_gpio.o
 .debug_abbrev  0x0000000000000e19      0x22f build/stm32g4xx_hal_dac.o
 .debug_abbrev  0x0000000000001048      0x289 build/stm32g4xx_hal_dac_ex.o
 .debug_abbrev  0x00000000000012d1      0x269 build/stm32g4xx_hal.o
 .debug_abbrev  0x000000000000153a      0x2ac build/stm32g4xx_hal_rcc.o
 .debug_abbrev  0x00000000000017e6      0x28f build/stm32g4xx_hal_rcc_ex.o
 .debug_abbrev  0x0000000000001a75      0x290 build/stm32g4xx_hal_dma.o
 .debug_abbrev  0x0000000000001d05      0x277 build/stm32g4xx_hal_pwr_ex.o
 .debug_abbrev  0x0000000000001f7c      0x39f build/stm32g4xx_hal_cortex.o
 .debug_abbrev  0x000000000000231b      0x2bb build/stm32g4xx_hal_uart.o
 .debug_abbrev  0x00000000000025d6      0x28d build/stm32g4xx_hal_uart_ex.o
 .debug_abbrev  0x0000000000002863      0x2be build/stm32g4xx_hal_tim.o
 .debug_abbrev  0x0000000000002b21      0x2ba build/stm32g4xx_hal_tim_ex.o
 .debug_abbrev  0x0000000000002ddb      0x16a build/system_stm32g4xx.o
 .debug_abbrev  0x0000000000002f45      0x20e build/tim.o
 .debug_abbrev  0x0000000000003153      0x176 build/dma.o
 .debug_abbrev  0x00000000000032c9       0x12 build/startup_stm32g474xx.o
 .debug_abbrev  0x00000000000032db       0xcc /usr/lib/gcc/arm-none-eabi/9.2.1/../../../arm-none-eabi/lib/thumb/v7e-m+fp/hard/libc_nano.a(lib_a-init.o)
 .debug_abbrev  0x00000000000033a7       0x14 /usr/lib/gcc/arm-none-eabi/9.2.1/../../../arm-none-eabi/lib/thumb/v7e-m+fp/hard/libc_nano.a(lib_a-memcpy.o)
 .debug_abbrev  0x00000000000033bb      0x1d9 /usr/lib/gcc/arm-none-eabi/9.2.1/../../../arm-none-eabi/lib/thumb/v7e-m+fp/hard/libc_nano.a(lib_a-memset.o)
 .debug_abbrev  0x0000000000003594       0x14 /usr/lib/gcc/arm-none-eabi/9.2.1/thumb/v7e-m+fp/hard/libgcc.a(_arm_addsubdf3.o)
 .debug_abbrev  0x00000000000035a8       0x14 /usr/lib/gcc/arm-none-eabi/9.2.1/thumb/v7e-m+fp/hard/libgcc.a(_arm_cmpdf2.o)
 .debug_abbrev  0x00000000000035bc       0x14 /usr/lib/gcc/arm-none-eabi/9.2.1/thumb/v7e-m+fp/hard/libgcc.a(_arm_truncdfsf2.o)
 .debug_abbrev  0x00000000000035d0       0x14 /usr/lib/gcc/arm-none-eabi/9.2.1/thumb/v7e-m+fp/hard/libgcc.a(_aeabi_uldivmod.o)
 .debug_abbrev  0x00000000000035e4      0x1c2 /usr/lib/gcc/arm-none-eabi/9.2.1/thumb/v7e-m+fp/hard/libgcc.a(_udivmoddi4.o)
 .debug_abbrev  0x00000000000037a6       0x14 /usr/lib/gcc/arm-none-eabi/9.2.1/thumb/v7e-m+fp/hard/libgcc.a(_dvmd_tls.o)

.debug_loc      0x0000000000000000    0x12360
 .debug_loc     0x0000000000000000      0x138 build/main.o
 .debug_loc     0x0000000000000138       0x39 build/gpio.o
 .debug_loc     0x0000000000000171      0x119 build/dac.o
 .debug_loc     0x000000000000028a      0x108 build/usart.o
 .debug_loc     0x0000000000000392       0x80 build/stm32g4xx_it.o
 .debug_loc     0x0000000000000412       0x38 build/stm32g4xx_hal_msp.o
 .debug_loc     0x000000000000044a      0x3f6 build/stm32g4xx_hal_gpio.o
 .debug_loc     0x0000000000000840      0xae8 build/stm32g4xx_hal_dac.o
 .debug_loc     0x0000000000001328      0xd98 build/stm32g4xx_hal_dac_ex.o
 .debug_loc     0x00000000000020c0      0x2af build/stm32g4xx_hal.o
 .debug_loc     0x000000000000236f      0x916 build/stm32g4xx_hal_rcc.o
 .debug_loc     0x0000000000002c85     0x166f build/stm32g4xx_hal_rcc_ex.o
 .debug_loc     0x00000000000042f4      0x9d0 build/stm32g4xx_hal_dma.o
 .debug_loc     0x0000000000004cc4      0xa43 build/stm32g4xx_hal_pwr_ex.o
 .debug_loc     0x0000000000005707      0x7c6 build/stm32g4xx_hal_cortex.o
 .debug_loc     0x0000000000005ecd     0x2421 build/stm32g4xx_hal_uart.o
 .debug_loc     0x00000000000082ee      0x6b8 build/stm32g4xx_hal_uart_ex.o
 .debug_loc     0x00000000000089a6     0x58ef build/stm32g4xx_hal_tim.o
 .debug_loc     0x000000000000e295     0x2d06 build/stm32g4xx_hal_tim_ex.o
 .debug_loc     0x0000000000010f9b       0x90 build/system_stm32g4xx.o
 .debug_loc     0x000000000001102b       0x70 build/tim.o
 .debug_loc     0x000000000001109b       0x38 build/dma.o
 .debug_loc     0x00000000000110d3       0xba /usr/lib/gcc/arm-none-eabi/9.2.1/../../../arm-none-eabi/lib/thumb/v7e-m+fp/hard/libc_nano.a(lib_a-init.o)
 .debug_loc     0x000000000001118d      0x231 /usr/lib/gcc/arm-none-eabi/9.2.1/../../../arm-none-eabi/lib/thumb/v7e-m+fp/hard/libc_nano.a(lib_a-memset.o)
 .debug_loc     0x00000000000113be      0xfa2 /usr/lib/gcc/arm-none-eabi/9.2.1/thumb/v7e-m+fp/hard/libgcc.a(_udivmoddi4.o)

.debug_aranges  0x0000000000000000     0x12a8
 .debug_aranges
                0x0000000000000000       0x30 build/main.o
 .debug_aranges
                0x0000000000000030       0x20 build/gpio.o
 .debug_aranges
                0x0000000000000050       0x30 build/dac.o
 .debug_aranges
                0x0000000000000080       0x30 build/usart.o
 .debug_aranges
                0x00000000000000b0       0x78 build/stm32g4xx_it.o
 .debug_aranges
                0x0000000000000128       0x20 build/stm32g4xx_hal_msp.o
 .debug_aranges
                0x0000000000000148       0x58 build/stm32g4xx_hal_gpio.o
 .debug_aranges
                0x00000000000001a0       0xc0 build/stm32g4xx_hal_dac.o
 .debug_aranges
                0x0000000000000260       0xc0 build/stm32g4xx_hal_dac_ex.o
 .debug_aranges
                0x0000000000000320      0x130 build/stm32g4xx_hal.o
 .debug_aranges
                0x0000000000000450       0x98 build/stm32g4xx_hal_rcc.o
 .debug_aranges
                0x00000000000004e8       0xb0 build/stm32g4xx_hal_rcc_ex.o
 .debug_aranges
                0x0000000000000598       0x90 build/stm32g4xx_hal_dma.o
 .debug_aranges
                0x0000000000000628      0x140 build/stm32g4xx_hal_pwr_ex.o
 .debug_aranges
                0x0000000000000768       0xa8 build/stm32g4xx_hal_cortex.o
 .debug_aranges
                0x0000000000000810      0x230 build/stm32g4xx_hal_uart.o
 .debug_aranges
                0x0000000000000a40       0x88 build/stm32g4xx_hal_uart_ex.o
 .debug_aranges
                0x0000000000000ac8      0x3e0 build/stm32g4xx_hal_tim.o
 .debug_aranges
                0x0000000000000ea8      0x240 build/stm32g4xx_hal_tim_ex.o
 .debug_aranges
                0x00000000000010e8       0x28 build/system_stm32g4xx.o
 .debug_aranges
                0x0000000000001110       0x30 build/tim.o
 .debug_aranges
                0x0000000000001140       0x20 build/dma.o
 .debug_aranges
                0x0000000000001160       0x28 build/startup_stm32g474xx.o
 .debug_aranges
                0x0000000000001188       0x20 /usr/lib/gcc/arm-none-eabi/9.2.1/../../../arm-none-eabi/lib/thumb/v7e-m+fp/hard/libc_nano.a(lib_a-init.o)
 .debug_aranges
                0x00000000000011a8       0x20 /usr/lib/gcc/arm-none-eabi/9.2.1/../../../arm-none-eabi/lib/thumb/v7e-m+fp/hard/libc_nano.a(lib_a-memcpy.o)
 .debug_aranges
                0x00000000000011c8       0x20 /usr/lib/gcc/arm-none-eabi/9.2.1/../../../arm-none-eabi/lib/thumb/v7e-m+fp/hard/libc_nano.a(lib_a-memset.o)
 .debug_aranges
                0x00000000000011e8       0x20 /usr/lib/gcc/arm-none-eabi/9.2.1/thumb/v7e-m+fp/hard/libgcc.a(_arm_addsubdf3.o)
 .debug_aranges
                0x0000000000001208       0x20 /usr/lib/gcc/arm-none-eabi/9.2.1/thumb/v7e-m+fp/hard/libgcc.a(_arm_cmpdf2.o)
 .debug_aranges
                0x0000000000001228       0x20 /usr/lib/gcc/arm-none-eabi/9.2.1/thumb/v7e-m+fp/hard/libgcc.a(_arm_truncdfsf2.o)
 .debug_aranges
                0x0000000000001248       0x20 /usr/lib/gcc/arm-none-eabi/9.2.1/thumb/v7e-m+fp/hard/libgcc.a(_aeabi_uldivmod.o)
 .debug_aranges
                0x0000000000001268       0x20 /usr/lib/gcc/arm-none-eabi/9.2.1/thumb/v7e-m+fp/hard/libgcc.a(_udivmoddi4.o)
 .debug_aranges
                0x0000000000001288       0x20 /usr/lib/gcc/arm-none-eabi/9.2.1/thumb/v7e-m+fp/hard/libgcc.a(_dvmd_tls.o)

.debug_ranges   0x0000000000000000     0x1190
 .debug_ranges  0x0000000000000000       0x38 build/main.o
 .debug_ranges  0x0000000000000038       0x10 build/gpio.o
 .debug_ranges  0x0000000000000048       0x20 build/dac.o
 .debug_ranges  0x0000000000000068       0x20 build/usart.o
 .debug_ranges  0x0000000000000088       0x68 build/stm32g4xx_it.o
 .debug_ranges  0x00000000000000f0       0x10 build/stm32g4xx_hal_msp.o
 .debug_ranges  0x0000000000000100       0x48 build/stm32g4xx_hal_gpio.o
 .debug_ranges  0x0000000000000148       0xb0 build/stm32g4xx_hal_dac.o
 .debug_ranges  0x00000000000001f8       0xb0 build/stm32g4xx_hal_dac_ex.o
 .debug_ranges  0x00000000000002a8      0x120 build/stm32g4xx_hal.o
 .debug_ranges  0x00000000000003c8       0xa0 build/stm32g4xx_hal_rcc.o
 .debug_ranges  0x0000000000000468       0xb8 build/stm32g4xx_hal_rcc_ex.o
 .debug_ranges  0x0000000000000520       0x80 build/stm32g4xx_hal_dma.o
 .debug_ranges  0x00000000000005a0      0x130 build/stm32g4xx_hal_pwr_ex.o
 .debug_ranges  0x00000000000006d0       0xf8 build/stm32g4xx_hal_cortex.o
 .debug_ranges  0x00000000000007c8      0x220 build/stm32g4xx_hal_uart.o
 .debug_ranges  0x00000000000009e8       0x78 build/stm32g4xx_hal_uart_ex.o
 .debug_ranges  0x0000000000000a60      0x3d0 build/stm32g4xx_hal_tim.o
 .debug_ranges  0x0000000000000e30      0x230 build/stm32g4xx_hal_tim_ex.o
 .debug_ranges  0x0000000000001060       0x18 build/system_stm32g4xx.o
 .debug_ranges  0x0000000000001078       0x20 build/tim.o
 .debug_ranges  0x0000000000001098       0x10 build/dma.o
 .debug_ranges  0x00000000000010a8       0x20 build/startup_stm32g474xx.o
 .debug_ranges  0x00000000000010c8       0xc8 /usr/lib/gcc/arm-none-eabi/9.2.1/thumb/v7e-m+fp/hard/libgcc.a(_udivmoddi4.o)

.debug_line     0x0000000000000000    0x12969
 .debug_line    0x0000000000000000      0x42f build/main.o
 .debug_line    0x000000000000042f      0x285 build/gpio.o
 .debug_line    0x00000000000006b4      0x366 build/dac.o
 .debug_line    0x0000000000000a1a      0x2ed build/usart.o
 .debug_line    0x0000000000000d07      0x2e8 build/stm32g4xx_it.o
 .debug_line    0x0000000000000fef      0x1a2 build/stm32g4xx_hal_msp.o
 .debug_line    0x0000000000001191      0x671 build/stm32g4xx_hal_gpio.o
 .debug_line    0x0000000000001802      0xa4d build/stm32g4xx_hal_dac.o
 .debug_line    0x000000000000224f      0xa39 build/stm32g4xx_hal_dac_ex.o
 .debug_line    0x0000000000002c88      0x625 build/stm32g4xx_hal.o
 .debug_line    0x00000000000032ad      0xd88 build/stm32g4xx_hal_rcc.o
 .debug_line    0x0000000000004035     0x1234 build/stm32g4xx_hal_rcc_ex.o
 .debug_line    0x0000000000005269      0xc2a build/stm32g4xx_hal_dma.o
 .debug_line    0x0000000000005e93      0xa2f build/stm32g4xx_hal_pwr_ex.o
 .debug_line    0x00000000000068c2      0x746 build/stm32g4xx_hal_cortex.o
 .debug_line    0x0000000000007008     0x260a build/stm32g4xx_hal_uart.o
 .debug_line    0x0000000000009612      0x737 build/stm32g4xx_hal_uart_ex.o
 .debug_line    0x0000000000009d49     0x5118 build/stm32g4xx_hal_tim.o
 .debug_line    0x000000000000ee61     0x2641 build/stm32g4xx_hal_tim_ex.o
 .debug_line    0x00000000000114a2      0x237 build/system_stm32g4xx.o
 .debug_line    0x00000000000116d9      0x2a5 build/tim.o
 .debug_line    0x000000000001197e      0x194 build/dma.o
 .debug_line    0x0000000000011b12       0x77 build/startup_stm32g474xx.o
 .debug_line    0x0000000000011b89      0x10d /usr/lib/gcc/arm-none-eabi/9.2.1/../../../arm-none-eabi/lib/thumb/v7e-m+fp/hard/libc_nano.a(lib_a-init.o)
 .debug_line    0x0000000000011c96       0xbe /usr/lib/gcc/arm-none-eabi/9.2.1/../../../arm-none-eabi/lib/thumb/v7e-m+fp/hard/libc_nano.a(lib_a-memcpy.o)
 .debug_line    0x0000000000011d54      0x26b /usr/lib/gcc/arm-none-eabi/9.2.1/../../../arm-none-eabi/lib/thumb/v7e-m+fp/hard/libc_nano.a(lib_a-memset.o)
 .debug_line    0x0000000000011fbf      0x186 /usr/lib/gcc/arm-none-eabi/9.2.1/thumb/v7e-m+fp/hard/libgcc.a(_arm_addsubdf3.o)
 .debug_line    0x0000000000012145       0xbd /usr/lib/gcc/arm-none-eabi/9.2.1/thumb/v7e-m+fp/hard/libgcc.a(_arm_cmpdf2.o)
 .debug_line    0x0000000000012202       0x8d /usr/lib/gcc/arm-none-eabi/9.2.1/thumb/v7e-m+fp/hard/libgcc.a(_arm_truncdfsf2.o)
 .debug_line    0x000000000001228f       0x60 /usr/lib/gcc/arm-none-eabi/9.2.1/thumb/v7e-m+fp/hard/libgcc.a(_aeabi_uldivmod.o)
 .debug_line    0x00000000000122ef      0x61a /usr/lib/gcc/arm-none-eabi/9.2.1/thumb/v7e-m+fp/hard/libgcc.a(_udivmoddi4.o)
 .debug_line    0x0000000000012909       0x60 /usr/lib/gcc/arm-none-eabi/9.2.1/thumb/v7e-m+fp/hard/libgcc.a(_dvmd_tls.o)

.debug_str      0x0000000000000000     0x7705
 .debug_str     0x0000000000000000     0x1418 build/main.o
                                       0x157e (size before relaxing)
 .debug_str     0x0000000000001418      0x84e build/gpio.o
                                        0xc0e (size before relaxing)
 .debug_str     0x0000000000001c66      0x1f7 build/dac.o
                                       0x11f6 (size before relaxing)
 .debug_str     0x0000000000001e5d       0xa5 build/usart.o
                                        0xb36 (size before relaxing)
 .debug_str     0x0000000000001f02      0x135 build/stm32g4xx_it.o
                                        0x8c2 (size before relaxing)
 .debug_str     0x0000000000002037       0x4a build/stm32g4xx_hal_msp.o
                                        0x542 (size before relaxing)
 .debug_str     0x0000000000002081      0x148 build/stm32g4xx_hal_gpio.o
                                        0x740 (size before relaxing)
 .debug_str     0x00000000000021c9      0x202 build/stm32g4xx_hal_dac.o
                                        0xba7 (size before relaxing)
 .debug_str     0x00000000000023cb      0x296 build/stm32g4xx_hal_dac_ex.o
                                        0xc35 (size before relaxing)
 .debug_str     0x0000000000002661      0x3e2 build/stm32g4xx_hal.o
                                        0xff0 (size before relaxing)
 .debug_str     0x0000000000002a43      0x2b7 build/stm32g4xx_hal_rcc.o
                                        0x9fa (size before relaxing)
 .debug_str     0x0000000000002cfa      0x372 build/stm32g4xx_hal_rcc_ex.o
                                        0xc65 (size before relaxing)
 .debug_str     0x000000000000306c      0x27d build/stm32g4xx_hal_dma.o
                                        0x97e (size before relaxing)
 .debug_str     0x00000000000032e9      0x4d3 build/stm32g4xx_hal_pwr_ex.o
                                        0x9d4 (size before relaxing)
 .debug_str     0x00000000000037bc      0x41a build/stm32g4xx_hal_cortex.o
                                        0xf4d (size before relaxing)
 .debug_str     0x0000000000003bd6      0x7eb build/stm32g4xx_hal_uart.o
                                       0x12e0 (size before relaxing)
 .debug_str     0x00000000000043c1      0x1d4 build/stm32g4xx_hal_uart_ex.o
                                        0xbc1 (size before relaxing)
 .debug_str     0x0000000000004595      0xf82 build/stm32g4xx_hal_tim.o
                                       0x1a21 (size before relaxing)
 .debug_str     0x0000000000005517      0x9c0 build/stm32g4xx_hal_tim_ex.o
                                       0x16b9 (size before relaxing)
 .debug_str     0x0000000000005ed7       0x3d build/system_stm32g4xx.o
                                        0x59d (size before relaxing)
 .debug_str     0x0000000000005f14       0x1e build/tim.o
                                        0xc66 (size before relaxing)
 .debug_str     0x0000000000005f32        0xf build/dma.o
                                        0xb63 (size before relaxing)
 .debug_str     0x0000000000005f41       0x22 build/startup_stm32g474xx.o
                                         0x4e (size before relaxing)
 .debug_str     0x0000000000005f63      0x187 /usr/lib/gcc/arm-none-eabi/9.2.1/../../../arm-none-eabi/lib/thumb/v7e-m+fp/hard/libc_nano.a(lib_a-init.o)
                                        0x229 (size before relaxing)
 .debug_str     0x00000000000060ea       0xaa /usr/lib/gcc/arm-none-eabi/9.2.1/../../../arm-none-eabi/lib/thumb/v7e-m+fp/hard/libc_nano.a(lib_a-memcpy.o)
                                         0xb6 (size before relaxing)
 .debug_str     0x0000000000006194      0x398 /usr/lib/gcc/arm-none-eabi/9.2.1/../../../arm-none-eabi/lib/thumb/v7e-m+fp/hard/libc_nano.a(lib_a-memset.o)
                                        0x90f (size before relaxing)
 .debug_str     0x000000000000652c       0x9c /usr/lib/gcc/arm-none-eabi/9.2.1/thumb/v7e-m+fp/hard/libgcc.a(_arm_addsubdf3.o)
                                         0xa8 (size before relaxing)
 .debug_str     0x00000000000065c8       0xa8 /usr/lib/gcc/arm-none-eabi/9.2.1/thumb/v7e-m+fp/hard/libgcc.a(_arm_cmpdf2.o)
 .debug_str     0x00000000000065c8       0xa8 /usr/lib/gcc/arm-none-eabi/9.2.1/thumb/v7e-m+fp/hard/libgcc.a(_arm_truncdfsf2.o)
 .debug_str     0x00000000000065c8       0x2c /usr/lib/gcc/arm-none-eabi/9.2.1/thumb/v7e-m+fp/hard/libgcc.a(_aeabi_uldivmod.o)
                                         0xa3 (size before relaxing)
 .debug_str     0x00000000000065f4     0x10e1 /usr/lib/gcc/arm-none-eabi/9.2.1/thumb/v7e-m+fp/hard/libgcc.a(_udivmoddi4.o)
                                       0x11e6 (size before relaxing)
 .debug_str     0x00000000000076d5       0x30 /usr/lib/gcc/arm-none-eabi/9.2.1/thumb/v7e-m+fp/hard/libgcc.a(_dvmd_tls.o)
                                         0xa7 (size before relaxing)

.debug_frame    0x0000000000000000     0x2e90
 .debug_frame   0x0000000000000000       0x60 build/main.o
 .debug_frame   0x0000000000000060       0x34 build/gpio.o
 .debug_frame   0x0000000000000094       0x6c build/dac.o
 .debug_frame   0x0000000000000100       0x60 build/usart.o
 .debug_frame   0x0000000000000160       0xf0 build/stm32g4xx_it.o
 .debug_frame   0x0000000000000250       0x2c build/stm32g4xx_hal_msp.o
 .debug_frame   0x000000000000027c       0xd0 build/stm32g4xx_hal_gpio.o
 .debug_frame   0x000000000000034c      0x200 build/stm32g4xx_hal_dac.o
 .debug_frame   0x000000000000054c      0x250 build/stm32g4xx_hal_dac_ex.o
 .debug_frame   0x000000000000079c      0x274 build/stm32g4xx_hal.o
 .debug_frame   0x0000000000000a10      0x198 build/stm32g4xx_hal_rcc.o
 .debug_frame   0x0000000000000ba8      0x1a0 build/stm32g4xx_hal_rcc_ex.o
 .debug_frame   0x0000000000000d48      0x178 build/stm32g4xx_hal_dma.o
 .debug_frame   0x0000000000000ec0      0x268 build/stm32g4xx_hal_pwr_ex.o
 .debug_frame   0x0000000000001128      0x15c build/stm32g4xx_hal_cortex.o
 .debug_frame   0x0000000000001284      0x620 build/stm32g4xx_hal_uart.o
 .debug_frame   0x00000000000018a4      0x15c build/stm32g4xx_hal_uart_ex.o
 .debug_frame   0x0000000000001a00      0xb5c build/stm32g4xx_hal_tim.o
 .debug_frame   0x000000000000255c      0x628 build/stm32g4xx_hal_tim_ex.o
 .debug_frame   0x0000000000002b84       0x30 build/system_stm32g4xx.o
 .debug_frame   0x0000000000002bb4       0x58 build/tim.o
 .debug_frame   0x0000000000002c0c       0x2c build/dma.o
 .debug_frame   0x0000000000002c38       0x2c /usr/lib/gcc/arm-none-eabi/9.2.1/../../../arm-none-eabi/lib/thumb/v7e-m+fp/hard/libc_nano.a(lib_a-init.o)
 .debug_frame   0x0000000000002c64       0x38 /usr/lib/gcc/arm-none-eabi/9.2.1/../../../arm-none-eabi/lib/thumb/v7e-m+fp/hard/libc_nano.a(lib_a-memset.o)
 .debug_frame   0x0000000000002c9c       0xac /usr/lib/gcc/arm-none-eabi/9.2.1/thumb/v7e-m+fp/hard/libgcc.a(_arm_addsubdf3.o)
 .debug_frame   0x0000000000002d48       0xc4 /usr/lib/gcc/arm-none-eabi/9.2.1/thumb/v7e-m+fp/hard/libgcc.a(_arm_cmpdf2.o)
 .debug_frame   0x0000000000002e0c       0x24 /usr/lib/gcc/arm-none-eabi/9.2.1/thumb/v7e-m+fp/hard/libgcc.a(_arm_truncdfsf2.o)
 .debug_frame   0x0000000000002e30       0x2c /usr/lib/gcc/arm-none-eabi/9.2.1/thumb/v7e-m+fp/hard/libgcc.a(_aeabi_uldivmod.o)
 .debug_frame   0x0000000000002e5c       0x34 /usr/lib/gcc/arm-none-eabi/9.2.1/thumb/v7e-m+fp/hard/libgcc.a(_udivmoddi4.o)

Cross Reference Table

Symbol                                            File
ADC1_2_IRQHandler                                 build/startup_stm32g474xx.o
ADC3_IRQHandler                                   build/startup_stm32g474xx.o
ADC4_IRQHandler                                   build/startup_stm32g474xx.o
ADC5_IRQHandler                                   build/startup_stm32g474xx.o
AHBPrescTable                                     build/system_stm32g4xx.o
                                                  build/stm32g4xx_hal_rcc.o
APBPrescTable                                     build/system_stm32g4xx.o
                                                  build/stm32g4xx_hal_rcc.o
BusFault_Handler                                  build/stm32g4xx_it.o
COMP1_2_3_IRQHandler                              build/startup_stm32g474xx.o
COMP4_5_6_IRQHandler                              build/startup_stm32g474xx.o
COMP7_IRQHandler                                  build/startup_stm32g474xx.o
CORDIC_IRQHandler                                 build/startup_stm32g474xx.o
CRS_IRQHandler                                    build/startup_stm32g474xx.o
DAC_DMAConvCpltCh1                                build/stm32g4xx_hal_dac.o
                                                  build/stm32g4xx_hal_dac_ex.o
DAC_DMAConvCpltCh2                                build/stm32g4xx_hal_dac_ex.o
                                                  build/stm32g4xx_hal_dac.o
DAC_DMAErrorCh1                                   build/stm32g4xx_hal_dac.o
                                                  build/stm32g4xx_hal_dac_ex.o
DAC_DMAErrorCh2                                   build/stm32g4xx_hal_dac_ex.o
                                                  build/stm32g4xx_hal_dac.o
DAC_DMAHalfConvCpltCh1                            build/stm32g4xx_hal_dac.o
                                                  build/stm32g4xx_hal_dac_ex.o
DAC_DMAHalfConvCpltCh2                            build/stm32g4xx_hal_dac_ex.o
                                                  build/stm32g4xx_hal_dac.o
DMA1_Channel1_IRQHandler                          build/stm32g4xx_it.o
DMA1_Channel2_IRQHandler                          build/startup_stm32g474xx.o
DMA1_Channel3_IRQHandler                          build/startup_stm32g474xx.o
DMA1_Channel4_IRQHandler                          build/startup_stm32g474xx.o
DMA1_Channel5_IRQHandler                          build/startup_stm32g474xx.o
DMA1_Channel6_IRQHandler                          build/startup_stm32g474xx.o
DMA1_Channel7_IRQHandler                          build/startup_stm32g474xx.o
DMA1_Channel8_IRQHandler                          build/startup_stm32g474xx.o
DMA2_Channel1_IRQHandler                          build/startup_stm32g474xx.o
DMA2_Channel2_IRQHandler                          build/startup_stm32g474xx.o
DMA2_Channel3_IRQHandler                          build/startup_stm32g474xx.o
DMA2_Channel4_IRQHandler                          build/startup_stm32g474xx.o
DMA2_Channel5_IRQHandler                          build/startup_stm32g474xx.o
DMA2_Channel6_IRQHandler                          build/startup_stm32g474xx.o
DMA2_Channel7_IRQHandler                          build/startup_stm32g474xx.o
DMA2_Channel8_IRQHandler                          build/startup_stm32g474xx.o
DMAMUX_OVR_IRQHandler                             build/startup_stm32g474xx.o
DebugMon_Handler                                  build/stm32g4xx_it.o
Default_Handler                                   build/startup_stm32g474xx.o
EXTI0_IRQHandler                                  build/startup_stm32g474xx.o
EXTI15_10_IRQHandler                              build/stm32g4xx_it.o
EXTI1_IRQHandler                                  build/startup_stm32g474xx.o
EXTI2_IRQHandler                                  build/startup_stm32g474xx.o
EXTI3_IRQHandler                                  build/startup_stm32g474xx.o
EXTI4_IRQHandler                                  build/startup_stm32g474xx.o
EXTI9_5_IRQHandler                                build/startup_stm32g474xx.o
Error_Handler                                     build/main.o
                                                  build/tim.o
                                                  build/usart.o
                                                  build/dac.o
FDCAN1_IT0_IRQHandler                             build/startup_stm32g474xx.o
FDCAN1_IT1_IRQHandler                             build/startup_stm32g474xx.o
FDCAN2_IT0_IRQHandler                             build/startup_stm32g474xx.o
FDCAN2_IT1_IRQHandler                             build/startup_stm32g474xx.o
FDCAN3_IT0_IRQHandler                             build/startup_stm32g474xx.o
FDCAN3_IT1_IRQHandler                             build/startup_stm32g474xx.o
FLASH_FlushCaches                                 build/stm32g4xx_hal_flash_ex.o
                                                  build/stm32g4xx_hal_flash.o
FLASH_IRQHandler                                  build/startup_stm32g474xx.o
FLASH_PageErase                                   build/stm32g4xx_hal_flash_ex.o
                                                  build/stm32g4xx_hal_flash.o
FLASH_WaitForLastOperation                        build/stm32g4xx_hal_flash.o
                                                  build/stm32g4xx_hal_flash_ex.o
FMAC_IRQHandler                                   build/startup_stm32g474xx.o
FMC_IRQHandler                                    build/startup_stm32g474xx.o
FPU_IRQHandler                                    build/startup_stm32g474xx.o
HAL_DACEx_ConvCpltCallbackCh2                     build/stm32g4xx_hal_dac_ex.o
HAL_DACEx_ConvHalfCpltCallbackCh2                 build/stm32g4xx_hal_dac_ex.o
HAL_DACEx_DMAUnderrunCallbackCh2                  build/stm32g4xx_hal_dac_ex.o
                                                  build/stm32g4xx_hal_dac.o
HAL_DACEx_DualGetValue                            build/stm32g4xx_hal_dac_ex.o
HAL_DACEx_DualSetValue                            build/stm32g4xx_hal_dac_ex.o
HAL_DACEx_DualStart                               build/stm32g4xx_hal_dac_ex.o
HAL_DACEx_DualStart_DMA                           build/stm32g4xx_hal_dac_ex.o
HAL_DACEx_DualStop                                build/stm32g4xx_hal_dac_ex.o
HAL_DACEx_DualStop_DMA                            build/stm32g4xx_hal_dac_ex.o
HAL_DACEx_ErrorCallbackCh2                        build/stm32g4xx_hal_dac_ex.o
HAL_DACEx_GetTrimOffset                           build/stm32g4xx_hal_dac_ex.o
HAL_DACEx_NoiseWaveGenerate                       build/stm32g4xx_hal_dac_ex.o
HAL_DACEx_SawtoothWaveDataReset                   build/stm32g4xx_hal_dac_ex.o
HAL_DACEx_SawtoothWaveDataStep                    build/stm32g4xx_hal_dac_ex.o
HAL_DACEx_SawtoothWaveGenerate                    build/stm32g4xx_hal_dac_ex.o
HAL_DACEx_SelfCalibrate                           build/stm32g4xx_hal_dac_ex.o
HAL_DACEx_SetUserTrimming                         build/stm32g4xx_hal_dac_ex.o
HAL_DACEx_TriangleWaveGenerate                    build/stm32g4xx_hal_dac_ex.o
HAL_DAC_ConfigChannel                             build/stm32g4xx_hal_dac.o
                                                  build/dac.o
HAL_DAC_ConvCpltCallbackCh1                       build/stm32g4xx_hal_dac.o
HAL_DAC_ConvHalfCpltCallbackCh1                   build/stm32g4xx_hal_dac.o
HAL_DAC_DMAUnderrunCallbackCh1                    build/stm32g4xx_hal_dac.o
HAL_DAC_DeInit                                    build/stm32g4xx_hal_dac.o
HAL_DAC_ErrorCallbackCh1                          build/stm32g4xx_hal_dac.o
HAL_DAC_GetError                                  build/stm32g4xx_hal_dac.o
HAL_DAC_GetState                                  build/stm32g4xx_hal_dac.o
HAL_DAC_GetValue                                  build/stm32g4xx_hal_dac.o
HAL_DAC_IRQHandler                                build/stm32g4xx_hal_dac.o
                                                  build/stm32g4xx_it.o
HAL_DAC_Init                                      build/stm32g4xx_hal_dac.o
                                                  build/dac.o
HAL_DAC_MspDeInit                                 build/dac.o
HAL_DAC_MspInit                                   build/dac.o
HAL_DAC_SetValue                                  build/stm32g4xx_hal_dac.o
HAL_DAC_Start                                     build/stm32g4xx_hal_dac.o
HAL_DAC_Start_DMA                                 build/stm32g4xx_hal_dac.o
                                                  build/main.o
HAL_DAC_Stop                                      build/stm32g4xx_hal_dac.o
HAL_DAC_Stop_DMA                                  build/stm32g4xx_hal_dac.o
HAL_DBGMCU_DisableDBGSleepMode                    build/stm32g4xx_hal.o
HAL_DBGMCU_DisableDBGStandbyMode                  build/stm32g4xx_hal.o
HAL_DBGMCU_DisableDBGStopMode                     build/stm32g4xx_hal.o
HAL_DBGMCU_EnableDBGSleepMode                     build/stm32g4xx_hal.o
HAL_DBGMCU_EnableDBGStandbyMode                   build/stm32g4xx_hal.o
HAL_DBGMCU_EnableDBGStopMode                      build/stm32g4xx_hal.o
HAL_DMAEx_ConfigMuxRequestGenerator               build/stm32g4xx_hal_dma_ex.o
HAL_DMAEx_ConfigMuxSync                           build/stm32g4xx_hal_dma_ex.o
HAL_DMAEx_DisableMuxRequestGenerator              build/stm32g4xx_hal_dma_ex.o
HAL_DMAEx_EnableMuxRequestGenerator               build/stm32g4xx_hal_dma_ex.o
HAL_DMAEx_MUX_IRQHandler                          build/stm32g4xx_hal_dma_ex.o
HAL_DMA_Abort                                     build/stm32g4xx_hal_dma.o
                                                  build/stm32g4xx_hal_uart.o
                                                  build/stm32g4xx_hal_dac_ex.o
                                                  build/stm32g4xx_hal_dac.o
HAL_DMA_Abort_IT                                  build/stm32g4xx_hal_dma.o
                                                  build/stm32g4xx_hal_tim_ex.o
                                                  build/stm32g4xx_hal_tim.o
                                                  build/stm32g4xx_hal_uart.o
HAL_DMA_DeInit                                    build/stm32g4xx_hal_dma.o
                                                  build/dac.o
HAL_DMA_GetError                                  build/stm32g4xx_hal_dma.o
                                                  build/stm32g4xx_hal_uart.o
HAL_DMA_GetState                                  build/stm32g4xx_hal_dma.o
HAL_DMA_IRQHandler                                build/stm32g4xx_hal_dma.o
                                                  build/stm32g4xx_it.o
HAL_DMA_Init                                      build/stm32g4xx_hal_dma.o
                                                  build/dac.o
HAL_DMA_PollForTransfer                           build/stm32g4xx_hal_dma.o
HAL_DMA_RegisterCallback                          build/stm32g4xx_hal_dma.o
HAL_DMA_Start                                     build/stm32g4xx_hal_dma.o
HAL_DMA_Start_IT                                  build/stm32g4xx_hal_dma.o
                                                  build/stm32g4xx_hal_tim_ex.o
                                                  build/stm32g4xx_hal_tim.o
                                                  build/stm32g4xx_hal_uart.o
                                                  build/stm32g4xx_hal_dac_ex.o
                                                  build/stm32g4xx_hal_dac.o
HAL_DMA_UnRegisterCallback                        build/stm32g4xx_hal_dma.o
HAL_DeInit                                        build/stm32g4xx_hal.o
HAL_Delay                                         build/stm32g4xx_hal.o
                                                  build/stm32g4xx_hal_dac_ex.o
                                                  build/stm32g4xx_hal_dac.o
HAL_EXTI_ClearConfigLine                          build/stm32g4xx_hal_exti.o
HAL_EXTI_ClearPending                             build/stm32g4xx_hal_exti.o
HAL_EXTI_GenerateSWI                              build/stm32g4xx_hal_exti.o
HAL_EXTI_GetConfigLine                            build/stm32g4xx_hal_exti.o
HAL_EXTI_GetHandle                                build/stm32g4xx_hal_exti.o
HAL_EXTI_GetPending                               build/stm32g4xx_hal_exti.o
HAL_EXTI_IRQHandler                               build/stm32g4xx_hal_exti.o
HAL_EXTI_RegisterCallback                         build/stm32g4xx_hal_exti.o
HAL_EXTI_SetConfigLine                            build/stm32g4xx_hal_exti.o
HAL_FLASHEx_DisableDebugger                       build/stm32g4xx_hal_flash_ex.o
HAL_FLASHEx_DisableRunPowerDown                   build/stm32g4xx_hal_flash_ramfunc.o
HAL_FLASHEx_EnableDebugger                        build/stm32g4xx_hal_flash_ex.o
HAL_FLASHEx_EnableRunPowerDown                    build/stm32g4xx_hal_flash_ramfunc.o
HAL_FLASHEx_EnableSecMemProtection                build/stm32g4xx_hal_flash_ex.o
HAL_FLASHEx_Erase                                 build/stm32g4xx_hal_flash_ex.o
HAL_FLASHEx_Erase_IT                              build/stm32g4xx_hal_flash_ex.o
HAL_FLASHEx_OBGetConfig                           build/stm32g4xx_hal_flash_ex.o
HAL_FLASHEx_OBProgram                             build/stm32g4xx_hal_flash_ex.o
HAL_FLASHEx_OB_DBankConfig                        build/stm32g4xx_hal_flash_ramfunc.o
HAL_FLASH_EndOfOperationCallback                  build/stm32g4xx_hal_flash.o
HAL_FLASH_GetError                                build/stm32g4xx_hal_flash.o
HAL_FLASH_IRQHandler                              build/stm32g4xx_hal_flash.o
HAL_FLASH_Lock                                    build/stm32g4xx_hal_flash.o
HAL_FLASH_OB_Launch                               build/stm32g4xx_hal_flash.o
HAL_FLASH_OB_Lock                                 build/stm32g4xx_hal_flash.o
HAL_FLASH_OB_Unlock                               build/stm32g4xx_hal_flash.o
HAL_FLASH_OperationErrorCallback                  build/stm32g4xx_hal_flash.o
HAL_FLASH_Program                                 build/stm32g4xx_hal_flash.o
HAL_FLASH_Program_IT                              build/stm32g4xx_hal_flash.o
HAL_FLASH_Unlock                                  build/stm32g4xx_hal_flash.o
HAL_GPIO_DeInit                                   build/stm32g4xx_hal_gpio.o
                                                  build/usart.o
                                                  build/dac.o
HAL_GPIO_EXTI_Callback                            build/stm32g4xx_hal_gpio.o
HAL_GPIO_EXTI_IRQHandler                          build/stm32g4xx_hal_gpio.o
                                                  build/stm32g4xx_it.o
HAL_GPIO_Init                                     build/stm32g4xx_hal_gpio.o
                                                  build/stm32g4xx_hal_rcc_ex.o
                                                  build/stm32g4xx_hal_rcc.o
                                                  build/usart.o
                                                  build/dac.o
                                                  build/gpio.o
HAL_GPIO_LockPin                                  build/stm32g4xx_hal_gpio.o
HAL_GPIO_ReadPin                                  build/stm32g4xx_hal_gpio.o
HAL_GPIO_TogglePin                                build/stm32g4xx_hal_gpio.o
HAL_GPIO_WritePin                                 build/stm32g4xx_hal_gpio.o
                                                  build/gpio.o
HAL_GetDEVID                                      build/stm32g4xx_hal.o
HAL_GetHalVersion                                 build/stm32g4xx_hal.o
HAL_GetREVID                                      build/stm32g4xx_hal.o
HAL_GetTick                                       build/stm32g4xx_hal.o
                                                  build/stm32g4xx_hal_tim_ex.o
                                                  build/stm32g4xx_hal_uart_ex.o
                                                  build/stm32g4xx_hal_uart.o
                                                  build/stm32g4xx_hal_dma.o
                                                  build/stm32g4xx_hal_flash.o
                                                  build/stm32g4xx_hal_rcc_ex.o
                                                  build/stm32g4xx_hal_rcc.o
                                                  build/stm32g4xx_hal_dac.o
HAL_GetTickFreq                                   build/stm32g4xx_hal.o
HAL_GetTickPrio                                   build/stm32g4xx_hal.o
HAL_HalfDuplex_EnableReceiver                     build/stm32g4xx_hal_uart.o
HAL_HalfDuplex_EnableTransmitter                  build/stm32g4xx_hal_uart.o
HAL_HalfDuplex_Init                               build/stm32g4xx_hal_uart.o
HAL_IncTick                                       build/stm32g4xx_hal.o
                                                  build/stm32g4xx_it.o
HAL_Init                                          build/stm32g4xx_hal.o
                                                  build/main.o
HAL_InitTick                                      build/stm32g4xx_hal.o
                                                  build/stm32g4xx_hal_rcc.o
HAL_LIN_Init                                      build/stm32g4xx_hal_uart.o
HAL_LIN_SendBreak                                 build/stm32g4xx_hal_uart.o
HAL_MPU_ConfigRegion                              build/stm32g4xx_hal_cortex.o
HAL_MPU_Disable                                   build/stm32g4xx_hal_cortex.o
HAL_MPU_Enable                                    build/stm32g4xx_hal_cortex.o
HAL_MspDeInit                                     build/stm32g4xx_hal.o
HAL_MspInit                                       build/stm32g4xx_hal_msp.o
HAL_MultiProcessorEx_AddressLength_Set            build/stm32g4xx_hal_uart_ex.o
HAL_MultiProcessor_DisableMuteMode                build/stm32g4xx_hal_uart.o
HAL_MultiProcessor_EnableMuteMode                 build/stm32g4xx_hal_uart.o
HAL_MultiProcessor_EnterMuteMode                  build/stm32g4xx_hal_uart.o
HAL_MultiProcessor_Init                           build/stm32g4xx_hal_uart.o
HAL_NVIC_ClearPendingIRQ                          build/stm32g4xx_hal_cortex.o
HAL_NVIC_DisableIRQ                               build/stm32g4xx_hal_cortex.o
                                                  build/dac.o
HAL_NVIC_EnableIRQ                                build/stm32g4xx_hal_cortex.o
                                                  build/dma.o
                                                  build/dac.o
                                                  build/gpio.o
HAL_NVIC_GetActive                                build/stm32g4xx_hal_cortex.o
HAL_NVIC_GetPendingIRQ                            build/stm32g4xx_hal_cortex.o
HAL_NVIC_GetPriority                              build/stm32g4xx_hal_cortex.o
HAL_NVIC_GetPriorityGrouping                      build/stm32g4xx_hal_cortex.o
HAL_NVIC_SetPendingIRQ                            build/stm32g4xx_hal_cortex.o
HAL_NVIC_SetPriority                              build/stm32g4xx_hal_cortex.o
                                                  build/dma.o
                                                  build/stm32g4xx_hal.o
                                                  build/dac.o
                                                  build/gpio.o
HAL_NVIC_SetPriorityGrouping                      build/stm32g4xx_hal_cortex.o
                                                  build/stm32g4xx_hal.o
HAL_NVIC_SystemReset                              build/stm32g4xx_hal_cortex.o
HAL_PWREx_ConfigPVM                               build/stm32g4xx_hal_pwr_ex.o
HAL_PWREx_ControlVoltageScaling                   build/stm32g4xx_hal_pwr_ex.o
                                                  build/main.o
HAL_PWREx_DisableBatteryCharging                  build/stm32g4xx_hal_pwr_ex.o
HAL_PWREx_DisableGPIOPullDown                     build/stm32g4xx_hal_pwr_ex.o
HAL_PWREx_DisableGPIOPullUp                       build/stm32g4xx_hal_pwr_ex.o
HAL_PWREx_DisableInternalWakeUpLine               build/stm32g4xx_hal_pwr_ex.o
HAL_PWREx_DisableLowPowerRunMode                  build/stm32g4xx_hal_pwr_ex.o
                                                  build/stm32g4xx_hal_pwr.o
HAL_PWREx_DisablePVM1                             build/stm32g4xx_hal_pwr_ex.o
HAL_PWREx_DisablePVM2                             build/stm32g4xx_hal_pwr_ex.o
HAL_PWREx_DisablePVM3                             build/stm32g4xx_hal_pwr_ex.o
HAL_PWREx_DisablePVM4                             build/stm32g4xx_hal_pwr_ex.o
HAL_PWREx_DisablePullUpPullDownConfig             build/stm32g4xx_hal_pwr_ex.o
HAL_PWREx_DisableSRAM2ContentRetention            build/stm32g4xx_hal_pwr_ex.o
HAL_PWREx_DisableUCPDDeadBattery                  build/stm32g4xx_hal_pwr_ex.o
                                                  build/stm32g4xx_hal_msp.o
HAL_PWREx_DisableUCPDStandbyMode                  build/stm32g4xx_hal_pwr_ex.o
HAL_PWREx_EnableBatteryCharging                   build/stm32g4xx_hal_pwr_ex.o
HAL_PWREx_EnableGPIOPullDown                      build/stm32g4xx_hal_pwr_ex.o
HAL_PWREx_EnableGPIOPullUp                        build/stm32g4xx_hal_pwr_ex.o
HAL_PWREx_EnableInternalWakeUpLine                build/stm32g4xx_hal_pwr_ex.o
HAL_PWREx_EnableLowPowerRunMode                   build/stm32g4xx_hal_pwr_ex.o
                                                  build/stm32g4xx_hal_pwr.o
HAL_PWREx_EnablePVM1                              build/stm32g4xx_hal_pwr_ex.o
HAL_PWREx_EnablePVM2                              build/stm32g4xx_hal_pwr_ex.o
HAL_PWREx_EnablePVM3                              build/stm32g4xx_hal_pwr_ex.o
HAL_PWREx_EnablePVM4                              build/stm32g4xx_hal_pwr_ex.o
HAL_PWREx_EnablePullUpPullDownConfig              build/stm32g4xx_hal_pwr_ex.o
HAL_PWREx_EnableSRAM2ContentRetention             build/stm32g4xx_hal_pwr_ex.o
HAL_PWREx_EnableUCPDDeadBattery                   build/stm32g4xx_hal_pwr_ex.o
HAL_PWREx_EnableUCPDStandbyMode                   build/stm32g4xx_hal_pwr_ex.o
HAL_PWREx_EnterSHUTDOWNMode                       build/stm32g4xx_hal_pwr_ex.o
HAL_PWREx_EnterSTOP0Mode                          build/stm32g4xx_hal_pwr_ex.o
                                                  build/stm32g4xx_hal_pwr.o
HAL_PWREx_EnterSTOP1Mode                          build/stm32g4xx_hal_pwr_ex.o
                                                  build/stm32g4xx_hal_pwr.o
HAL_PWREx_GetVoltageRange                         build/stm32g4xx_hal_pwr_ex.o
HAL_PWREx_PVD_PVM_IRQHandler                      build/stm32g4xx_hal_pwr_ex.o
HAL_PWREx_PVM1Callback                            build/stm32g4xx_hal_pwr_ex.o
HAL_PWREx_PVM2Callback                            build/stm32g4xx_hal_pwr_ex.o
HAL_PWREx_PVM3Callback                            build/stm32g4xx_hal_pwr_ex.o
HAL_PWREx_PVM4Callback                            build/stm32g4xx_hal_pwr_ex.o
HAL_PWR_ConfigPVD                                 build/stm32g4xx_hal_pwr.o
HAL_PWR_DeInit                                    build/stm32g4xx_hal_pwr.o
HAL_PWR_DisableBkUpAccess                         build/stm32g4xx_hal_pwr.o
                                                  build/stm32g4xx_hal_rcc_ex.o
HAL_PWR_DisablePVD                                build/stm32g4xx_hal_pwr.o
HAL_PWR_DisableSEVOnPend                          build/stm32g4xx_hal_pwr.o
HAL_PWR_DisableSleepOnExit                        build/stm32g4xx_hal_pwr.o
HAL_PWR_DisableWakeUpPin                          build/stm32g4xx_hal_pwr.o
HAL_PWR_EnableBkUpAccess                          build/stm32g4xx_hal_pwr.o
                                                  build/stm32g4xx_hal_rcc_ex.o
HAL_PWR_EnablePVD                                 build/stm32g4xx_hal_pwr.o
HAL_PWR_EnableSEVOnPend                           build/stm32g4xx_hal_pwr.o
HAL_PWR_EnableSleepOnExit                         build/stm32g4xx_hal_pwr.o
HAL_PWR_EnableWakeUpPin                           build/stm32g4xx_hal_pwr.o
HAL_PWR_EnterSLEEPMode                            build/stm32g4xx_hal_pwr.o
HAL_PWR_EnterSTANDBYMode                          build/stm32g4xx_hal_pwr.o
HAL_PWR_EnterSTOPMode                             build/stm32g4xx_hal_pwr.o
HAL_PWR_PVDCallback                               build/stm32g4xx_hal_pwr.o
                                                  build/stm32g4xx_hal_pwr_ex.o
HAL_RCCEx_CRSConfig                               build/stm32g4xx_hal_rcc_ex.o
HAL_RCCEx_CRSGetSynchronizationInfo               build/stm32g4xx_hal_rcc_ex.o
HAL_RCCEx_CRSSoftwareSynchronizationGenerate      build/stm32g4xx_hal_rcc_ex.o
HAL_RCCEx_CRSWaitSynchronization                  build/stm32g4xx_hal_rcc_ex.o
HAL_RCCEx_CRS_ErrorCallback                       build/stm32g4xx_hal_rcc_ex.o
HAL_RCCEx_CRS_ExpectedSyncCallback                build/stm32g4xx_hal_rcc_ex.o
HAL_RCCEx_CRS_IRQHandler                          build/stm32g4xx_hal_rcc_ex.o
HAL_RCCEx_CRS_SyncOkCallback                      build/stm32g4xx_hal_rcc_ex.o
HAL_RCCEx_CRS_SyncWarnCallback                    build/stm32g4xx_hal_rcc_ex.o
HAL_RCCEx_DisableLSCO                             build/stm32g4xx_hal_rcc_ex.o
HAL_RCCEx_DisableLSECSS                           build/stm32g4xx_hal_rcc_ex.o
HAL_RCCEx_EnableLSCO                              build/stm32g4xx_hal_rcc_ex.o
HAL_RCCEx_EnableLSECSS                            build/stm32g4xx_hal_rcc_ex.o
HAL_RCCEx_EnableLSECSS_IT                         build/stm32g4xx_hal_rcc_ex.o
HAL_RCCEx_GetPeriphCLKConfig                      build/stm32g4xx_hal_rcc_ex.o
HAL_RCCEx_GetPeriphCLKFreq                        build/stm32g4xx_hal_rcc_ex.o
HAL_RCCEx_LSECSS_Callback                         build/stm32g4xx_hal_rcc_ex.o
HAL_RCCEx_LSECSS_IRQHandler                       build/stm32g4xx_hal_rcc_ex.o
HAL_RCCEx_PeriphCLKConfig                         build/stm32g4xx_hal_rcc_ex.o
                                                  build/main.o
HAL_RCC_CSSCallback                               build/stm32g4xx_hal_rcc.o
HAL_RCC_ClockConfig                               build/stm32g4xx_hal_rcc.o
                                                  build/main.o
HAL_RCC_DeInit                                    build/stm32g4xx_hal_rcc.o
HAL_RCC_DisableLSECSS                             build/stm32g4xx_hal_rcc.o
HAL_RCC_EnableCSS                                 build/stm32g4xx_hal_rcc.o
HAL_RCC_EnableLSECSS                              build/stm32g4xx_hal_rcc.o
HAL_RCC_GetClockConfig                            build/stm32g4xx_hal_rcc.o
HAL_RCC_GetHCLKFreq                               build/stm32g4xx_hal_rcc.o
                                                  build/stm32g4xx_hal_dac.o
HAL_RCC_GetOscConfig                              build/stm32g4xx_hal_rcc.o
HAL_RCC_GetPCLK1Freq                              build/stm32g4xx_hal_rcc.o
                                                  build/stm32g4xx_hal_uart.o
                                                  build/stm32g4xx_hal_rcc_ex.o
HAL_RCC_GetPCLK2Freq                              build/stm32g4xx_hal_rcc.o
                                                  build/stm32g4xx_hal_uart.o
                                                  build/stm32g4xx_hal_rcc_ex.o
HAL_RCC_GetSysClockFreq                           build/stm32g4xx_hal_rcc.o
                                                  build/stm32g4xx_hal_uart.o
                                                  build/stm32g4xx_hal_rcc_ex.o
HAL_RCC_MCOConfig                                 build/stm32g4xx_hal_rcc.o
HAL_RCC_NMI_IRQHandler                            build/stm32g4xx_hal_rcc.o
HAL_RCC_OscConfig                                 build/stm32g4xx_hal_rcc.o
                                                  build/main.o
HAL_RS485Ex_Init                                  build/stm32g4xx_hal_uart_ex.o
HAL_ResumeTick                                    build/stm32g4xx_hal.o
HAL_SYSCFG_CCMSRAMErase                           build/stm32g4xx_hal.o
HAL_SYSCFG_CCMSRAM_WriteProtectionEnable          build/stm32g4xx_hal.o
HAL_SYSCFG_DisableIOSwitchBooster                 build/stm32g4xx_hal.o
HAL_SYSCFG_DisableIOSwitchVDD                     build/stm32g4xx_hal.o
HAL_SYSCFG_DisableMemorySwappingBank              build/stm32g4xx_hal.o
HAL_SYSCFG_DisableVREFBUF                         build/stm32g4xx_hal.o
HAL_SYSCFG_EnableIOSwitchBooster                  build/stm32g4xx_hal.o
HAL_SYSCFG_EnableIOSwitchVDD                      build/stm32g4xx_hal.o
HAL_SYSCFG_EnableMemorySwappingBank               build/stm32g4xx_hal.o
HAL_SYSCFG_EnableVREFBUF                          build/stm32g4xx_hal.o
HAL_SYSCFG_VREFBUF_HighImpedanceConfig            build/stm32g4xx_hal.o
HAL_SYSCFG_VREFBUF_TrimmingConfig                 build/stm32g4xx_hal.o
HAL_SYSCFG_VREFBUF_VoltageScalingConfig           build/stm32g4xx_hal.o
HAL_SYSTICK_CLKSourceConfig                       build/stm32g4xx_hal_cortex.o
HAL_SYSTICK_Callback                              build/stm32g4xx_hal_cortex.o
HAL_SYSTICK_Config                                build/stm32g4xx_hal_cortex.o
                                                  build/stm32g4xx_hal.o
HAL_SYSTICK_IRQHandler                            build/stm32g4xx_hal_cortex.o
HAL_SetTickFreq                                   build/stm32g4xx_hal.o
HAL_SuspendTick                                   build/stm32g4xx_hal.o
HAL_TIMEx_Break2Callback                          build/stm32g4xx_hal_tim_ex.o
                                                  build/stm32g4xx_hal_tim.o
HAL_TIMEx_BreakCallback                           build/stm32g4xx_hal_tim_ex.o
                                                  build/stm32g4xx_hal_tim.o